==> cover
$ go test -coverprofile=coverage\aggregate.out -coverpkg=./... ./...
ok  	github.com/kvmukilan/livewire/cmd/livewire	10.635s	coverage: 28.0% of statements in ./...
ok  	github.com/kvmukilan/livewire/internal/adapters	1.866s	coverage: 14.7% of statements in ./...
ok  	github.com/kvmukilan/livewire/internal/backend	0.931s	coverage: 1.3% of statements in ./...
?   	github.com/kvmukilan/livewire/internal/buildinfo	[no test files]
ok  	github.com/kvmukilan/livewire/internal/compare	1.223s	coverage: 2.0% of statements in ./...
ok  	github.com/kvmukilan/livewire/internal/dissect	1.369s	coverage: 1.9% of statements in ./...
ok  	github.com/kvmukilan/livewire/internal/edit	0.931s	coverage: 1.2% of statements in ./...
ok  	github.com/kvmukilan/livewire/internal/engine	1.118s	coverage: 7.4% of statements in ./...
ok  	github.com/kvmukilan/livewire/internal/evidence	0.906s	coverage: 0.8% of statements in ./...
	github.com/kvmukilan/livewire/internal/flow		coverage: 0.0% of statements
ok  	github.com/kvmukilan/livewire/internal/ftpreplay	2.208s	coverage: 6.5% of statements in ./...
ok  	github.com/kvmukilan/livewire/internal/hoststack	0.921s	coverage: 0.1% of statements in ./...
ok  	github.com/kvmukilan/livewire/internal/ipreasm	1.043s	coverage: 1.6% of statements in ./...
ok  	github.com/kvmukilan/livewire/internal/iterate	1.019s	coverage: 0.7% of statements in ./...
ok  	github.com/kvmukilan/livewire/internal/lab	2.323s	coverage: 6.7% of statements in ./...
ok  	github.com/kvmukilan/livewire/internal/livereplay	0.903s	coverage: 1.2% of statements in ./...
ok  	github.com/kvmukilan/livewire/internal/orchestration	1.149s	coverage: 0.5% of statements in ./...
ok  	github.com/kvmukilan/livewire/internal/pcapio	0.997s	coverage: 1.5% of statements in ./...
ok  	github.com/kvmukilan/livewire/internal/planexec	1.849s	coverage: 2.0% of statements in ./...
ok  	github.com/kvmukilan/livewire/internal/qualification	35.592s	coverage: 3.2% of statements in ./...
ok  	github.com/kvmukilan/livewire/internal/replay	4.986s	coverage: 9.9% of statements in ./...
ok  	github.com/kvmukilan/livewire/internal/replayintent	1.215s	coverage: 5.4% of statements in ./...
ok  	github.com/kvmukilan/livewire/internal/replaylab	13.051s	coverage: 7.8% of statements in ./...
ok  	github.com/kvmukilan/livewire/internal/runstate	2.342s	coverage: 1.1% of statements in ./...
ok  	github.com/kvmukilan/livewire/internal/runvars	1.043s	coverage: 0.3% of statements in ./...
ok  	github.com/kvmukilan/livewire/internal/secureexec	1.549s	coverage: 2.9% of statements in ./...
ok  	github.com/kvmukilan/livewire/internal/securefile	1.053s	coverage: 0.2% of statements in ./...
ok  	github.com/kvmukilan/livewire/internal/sshreplay	2.386s	coverage: 0.4% of statements in ./...
ok  	github.com/kvmukilan/livewire/internal/stateless	0.929s	coverage: 0.2% of statements in ./...
ok  	github.com/kvmukilan/livewire/internal/supportbundle	1.199s	coverage: 0.8% of statements in ./...
ok  	github.com/kvmukilan/livewire/internal/tlsreplay	4.318s	coverage: 5.6% of statements in ./...
ok  	github.com/kvmukilan/livewire/internal/tui	0.922s	coverage: 0.3% of statements in ./...
ok  	github.com/kvmukilan/livewire/internal/units	0.916s	coverage: 0.0% of statements in ./...
ok  	github.com/kvmukilan/livewire/internal/webui	3.396s	coverage: 16.2% of statements in ./...
ok  	github.com/kvmukilan/livewire/internal/wire	0.968s	coverage: 1.7% of statements in ./...
	github.com/kvmukilan/livewire/scripts/qualify		coverage: 0.0% of statements
	github.com/kvmukilan/livewire/scripts/replaylab		coverage: 0.0% of statements
	github.com/kvmukilan/livewire/scripts/task		coverage: 0.0% of statements
	github.com/kvmukilan/livewire/test/echoserver		coverage: 0.0% of statements
aggregate coverage: 68.1% (required 60%)
$ go test -coverprofile=coverage\pcapio.out ./internal/pcapio
ok  	github.com/kvmukilan/livewire/internal/pcapio	(cached)	coverage: 85.3% of statements
pcapio coverage: 85.3% (required 85%)
$ go test -coverprofile=coverage\webui.out ./internal/webui
ok  	github.com/kvmukilan/livewire/internal/webui	0.995s	coverage: 63.1% of statements
webui coverage: 63.1% (required 60%)
$ go test -coverprofile=coverage\cmd.out ./cmd/livewire
ok  	github.com/kvmukilan/livewire/cmd/livewire	4.919s	coverage: 48.7% of statements
cmd coverage: 48.7% (required 30%)
$ go test -coverprofile=coverage\backend.out ./internal/backend
ok  	github.com/kvmukilan/livewire/internal/backend	(cached)	coverage: 30.0% of statements
backend coverage: 30.0% (required 20%)
==> cover ok (3m0.932s)
