==> dashboard
$ node --test scripts/dashboard.test.cjs
TAP version 13
# Subtest: changing capture invalidates an old preview and disables Start
ok 1 - changing capture invalidates an old preview and disables Start
  ---
  duration_ms: 2.1951
  type: 'test'
  ...
# Subtest: a late inspection response cannot restore stale state
ok 2 - a late inspection response cannot restore stale state
  ---
  duration_ms: 1.1291
  type: 'test'
  ...
# Subtest: failed reinspection clears the previous successful preview
ok 3 - failed reinspection clears the previous successful preview
  ---
  duration_ms: 0.9959
  type: 'test'
  ...
# Subtest: two rapid Start actions submit only one run
ok 4 - two rapid Start actions submit only one run
  ---
  duration_ms: 1.4861
  type: 'test'
  ...
# Subtest: zero gap is sent as zero; session selection cannot silently become all
ok 5 - zero gap is sent as zero; session selection cannot silently become all
  ---
  duration_ms: 0.7909
  type: 'test'
  ...
1..5
# tests 5
# suites 0
# pass 5
# fail 0
# cancelled 0
# skipped 0
# todo 0
# duration_ms 99.4364
==> dashboard ok (207ms)
