==> lint
$ go run golang.org/x/vuln/cmd/govulncheck@v1.7.0 ./...
=== Symbol Results ===

No vulnerabilities found.

Your code is affected by 0 vulnerabilities.
This scan also found 0 vulnerabilities in packages you import and 1
vulnerability in modules you require, but your code doesn't appear to call these
vulnerabilities.
Use '-show verbose' for more details.
$ go run honnef.co/go/tools/cmd/staticcheck@2026.2.1 ./...
$ go run github.com/securego/gosec/v2/cmd/gosec@v2.28.0 -severity high -confidence high -exclude-generated ./...
[gosec] 2026/09/30 02:03:21 Including rules: default
[gosec] 2026/09/30 02:03:21 Excluding rules: default
[gosec] 2026/09/30 02:03:21 Including analyzers: default
[gosec] 2026/09/30 02:03:21 Excluding analyzers: default
[gosec] 2026/09/30 02:04:07 Import directory: C:\Users\kvmuk\livewire\coverage\v1.0.1-linux-worktree\internal\backend
[gosec] 2026/09/30 02:04:07 Import directory: C:\Users\kvmuk\livewire\coverage\v1.0.1-linux-worktree\internal\wire
[gosec] 2026/09/30 02:04:07 Import directory: C:\Users\kvmuk\livewire\coverage\v1-clean-build\internal\replay
[gosec] 2026/09/30 02:04:07 Import directory: C:\Users\kvmuk\livewire\coverage\v1-final-proof\internal\replaylab
[gosec] 2026/09/30 02:04:07 Import directory: C:\Users\kvmuk\livewire\internal\stateless
[gosec] 2026/09/30 02:04:07 Import directory: C:\Users\kvmuk\livewire\coverage\v1-pacing-build\internal\lab
[gosec] 2026/09/30 02:04:07 Import directory: C:\Users\kvmuk\livewire\coverage\v1-final-proof\internal\planexec
[gosec] 2026/09/30 02:04:07 Import directory: C:\Users\kvmuk\livewire\coverage\v1-linux-pacing-worktree\internal\planexec
[gosec] 2026/09/30 02:04:07 Import directory: C:\Users\kvmuk\livewire\coverage\v1-http-public-repro-smoke\scripts\replaylab
[gosec] 2026/09/30 02:04:07 Import directory: C:\Users\kvmuk\livewire\coverage\v1-clean-build\internal\units
[gosec] 2026/09/30 02:04:07 Import directory: C:\Users\kvmuk\livewire\coverage\v1-final-proof\internal\replay
[gosec] 2026/09/30 02:04:07 Import directory: C:\Users\kvmuk\livewire\coverage\v1-clean-build\scripts\qualify
[gosec] 2026/09/30 02:04:07 Import directory: C:\Users\kvmuk\livewire\coverage\v1-http-public-repro-smoke\scripts\qualify
[gosec] 2026/09/30 02:04:07 Import directory: C:\Users\kvmuk\livewire\coverage\v1.0.1-linux-worktree\internal\supportbundle
[gosec] 2026/09/30 02:04:07 Import directory: C:\Users\kvmuk\livewire\coverage\v1-pacing-build\internal\pcapio
[gosec] 2026/09/30 02:04:07 Import directory: C:\Users\kvmuk\livewire\coverage\v1-clean-build\cmd\livewire
[gosec] 2026/09/30 02:04:08 Import directory: C:\Users\kvmuk\livewire\internal\replayintent
[gosec] 2026/09/30 02:04:08 Import directory: C:\Users\kvmuk\livewire\coverage\v1-http-public-repro-smoke\internal\qualification
[gosec] 2026/09/30 02:04:08 Import directory: C:\Users\kvmuk\livewire\coverage\v1-clean-build\internal\iterate
[gosec] 2026/09/30 02:04:08 Import directory: C:\Users\kvmuk\livewire\coverage\v1-final-proof\internal\iterate
[gosec] 2026/09/30 02:04:08 Import directory: C:\Users\kvmuk\livewire\coverage\v1-http-public-repro-smoke\internal\compare
[gosec] 2026/09/30 02:04:08 Import directory: C:\Users\kvmuk\livewire\coverage\v1-clean-build\internal\pcapio
[gosec] 2026/09/30 02:04:08 Import directory: C:\Users\kvmuk\livewire\coverage\v1-pacing-build\test\echoserver
[gosec] 2026/09/30 02:04:08 Import directory: C:\Users\kvmuk\livewire\coverage\v1-final-proof\internal\pcapio
[gosec] 2026/09/30 02:04:08 Import directory: C:\Users\kvmuk\livewire\coverage\v1-http-public-repro-smoke\internal\edit
[gosec] 2026/09/30 02:04:08 Import directory: C:\Users\kvmuk\livewire\coverage\v1-linux-pacing-worktree\internal\ftpreplay
[gosec] 2026/09/30 02:04:08 Import directory: C:\Users\kvmuk\livewire\coverage\v1-linux-pacing-worktree\test\echoserver
[gosec] 2026/09/30 02:04:08 Import directory: C:\Users\kvmuk\livewire\coverage\v1-clean-build\internal\ftpreplay
[gosec] 2026/09/30 02:04:08 Import directory: C:\Users\kvmuk\livewire\coverage\v1-final-proof\internal\flow
[gosec] 2026/09/30 02:04:08 Import directory: C:\Users\kvmuk\livewire\coverage\v1-http-public-repro-smoke\test\echoserver
[gosec] 2026/09/30 02:04:08 Import directory: C:\Users\kvmuk\livewire\coverage\v1-linux-pacing-worktree\internal\orchestration
[gosec] 2026/09/30 02:04:08 Import directory: C:\Users\kvmuk\livewire\coverage\v1-pacing-build\internal\ipreasm
[gosec] 2026/09/30 02:04:08 Import directory: C:\Users\kvmuk\livewire\internal\backend
[gosec] 2026/09/30 02:04:08 Import directory: C:\Users\kvmuk\livewire\internal\livereplay
[gosec] 2026/09/30 02:04:08 Import directory: C:\Users\kvmuk\livewire\coverage\v1-linux-pacing-worktree\internal\flow
[gosec] 2026/09/30 02:04:08 Import directory: C:\Users\kvmuk\livewire\coverage\v1-linux-pacing-worktree\internal\iterate
[gosec] 2026/09/30 02:04:08 Import directory: C:\Users\kvmuk\livewire\internal\securefile
[gosec] 2026/09/30 02:04:08 Import directory: C:\Users\kvmuk\livewire\internal\units
[gosec] 2026/09/30 02:04:08 Import directory: C:\Users\kvmuk\livewire\coverage\v1-http-public-repro-smoke\internal\lab
[gosec] 2026/09/30 02:04:08 Import directory: C:\Users\kvmuk\livewire\coverage\v1-pacing-build\internal\sshreplay
[gosec] 2026/09/30 02:04:08 Import directory: C:\Users\kvmuk\livewire\internal\ftpreplay
[gosec] 2026/09/30 02:04:08 Import directory: C:\Users\kvmuk\livewire\internal\secureexec
[gosec] 2026/09/30 02:04:08 Import directory: C:\Users\kvmuk\livewire\coverage\v1-clean-build\internal\sshreplay
[gosec] 2026/09/30 02:04:08 Import directory: C:\Users\kvmuk\livewire\coverage\v1-linux-pacing-worktree\internal\evidence
[gosec] 2026/09/30 02:04:09 Import directory: C:\Users\kvmuk\livewire\coverage\v1.0.1-linux-worktree\internal\runvars
[gosec] 2026/09/30 02:04:09 Import directory: C:\Users\kvmuk\livewire\test\echoserver
[gosec] 2026/09/30 02:04:09 Import directory: C:\Users\kvmuk\livewire\coverage\v1.0.1-linux-worktree\internal\replay
[gosec] 2026/09/30 02:04:09 Import directory: C:\Users\kvmuk\livewire\coverage\v1-clean-build\internal\livereplay
[gosec] 2026/09/30 02:04:09 Import directory: C:\Users\kvmuk\livewire\coverage\v1-clean-build\internal\securefile
[gosec] 2026/09/30 02:04:09 Import directory: C:\Users\kvmuk\livewire\coverage\v1-http-public-repro-smoke\internal\securefile
[gosec] 2026/09/30 02:04:09 Checking package: stateless
[gosec] 2026/09/30 02:04:09 Checking file: C:\Users\kvmuk\livewire\internal\stateless\rate.go
[gosec] 2026/09/30 02:04:09 Import directory: C:\Users\kvmuk\livewire\coverage\v1-linux-pacing-worktree\scripts\replaylab
[gosec] 2026/09/30 02:04:09 Import directory: C:\Users\kvmuk\livewire\coverage\v1-pacing-build\internal\wire
[gosec] 2026/09/30 02:04:09 Import directory: C:\Users\kvmuk\livewire\coverage\v1-final-proof\internal\lab
[gosec] 2026/09/30 02:04:09 Checking package: units
[gosec] 2026/09/30 02:04:09 Checking file: C:\Users\kvmuk\livewire\internal\units\seq.go
[gosec] 2026/09/30 02:04:09 Import directory: C:\Users\kvmuk\livewire\coverage\v1-clean-build\internal\edit
[gosec] 2026/09/30 02:04:09 Import directory: C:\Users\kvmuk\livewire\coverage\v1-http-public-repro-smoke\internal\runstate
[gosec] 2026/09/30 02:04:09 Import directory: C:\Users\kvmuk\livewire\coverage\v1-pacing-build\internal\replay
[gosec] 2026/09/30 02:04:09 Import directory: C:\Users\kvmuk\livewire\scripts
[gosec] 2026/09/30 02:04:09 Import directory: C:\Users\kvmuk\livewire\scripts\task
[gosec] 2026/09/30 02:04:09 Import directory: C:\Users\kvmuk\livewire\coverage\v1-clean-build\internal\tlsreplay
[gosec] 2026/09/30 02:04:09 Import directory: C:\Users\kvmuk\livewire\coverage\v1-final-proof\internal\livereplay
[gosec] 2026/09/30 02:04:09 Import directory: C:\Users\kvmuk\livewire\coverage\v1-final-proof\internal\securefile
[gosec] 2026/09/30 02:04:10 Import directory: C:\Users\kvmuk\livewire\coverage\v1-linux-pacing-worktree\internal\securefile
[gosec] 2026/09/30 02:04:10 Import directory: C:\Users\kvmuk\livewire\internal\planexec
[gosec] 2026/09/30 02:04:10 Import directory: C:\Users\kvmuk\livewire\internal\supportbundle
[gosec] 2026/09/30 02:04:10 Import directory: C:\Users\kvmuk\livewire\cmd\livewire
[gosec] 2026/09/30 02:04:10 Import directory: C:\Users\kvmuk\livewire\coverage\v1-pacing-build\scripts\qualify
[gosec] 2026/09/30 02:04:10 Import directory: C:\Users\kvmuk\livewire\coverage\v1.0.1-linux-worktree\internal\ftpreplay
[gosec] 2026/09/30 02:04:10 Import directory: C:\Users\kvmuk\livewire\internal\pcapio
[gosec] 2026/09/30 02:04:10 Import directory: C:\Users\kvmuk\livewire\internal\wire
[gosec] 2026/09/30 02:04:10 Import directory: C:\Users\kvmuk\livewire\coverage\v1-clean-build\internal\supportbundle
[gosec] 2026/09/30 02:04:10 Checking package: securefile
[gosec] 2026/09/30 02:04:10 Checking file: C:\Users\kvmuk\livewire\internal\securefile\atomic.go
[gosec] 2026/09/30 02:04:10 Checking package: replayintent
[gosec] 2026/09/30 02:04:10 Checking file: C:\Users\kvmuk\livewire\internal\replayintent\ftp.go
[gosec] 2026/09/30 02:04:10 Checking file: C:\Users\kvmuk\livewire\internal\replayintent\inspect.go
[gosec] 2026/09/30 02:04:10 Import directory: C:\Users\kvmuk\livewire\coverage\v1-clean-build\test\echoserver
[gosec] 2026/09/30 02:04:10 Checking file: C:\Users\kvmuk\livewire\internal\replayintent\lab.go
[gosec] 2026/09/30 02:04:10 Checking file: C:\Users\kvmuk\livewire\internal\replayintent\route.go
[gosec] 2026/09/30 02:04:10 Import directory: C:\Users\kvmuk\livewire\coverage\v1-final-proof\scripts
[gosec] 2026/09/30 02:04:10 Import directory: C:\Users\kvmuk\livewire\coverage\v1.0.1-linux-worktree\internal\buildinfo
[gosec] 2026/09/30 02:04:11 Import directory: C:\Users\kvmuk\livewire\coverage\v1.0.1-linux-worktree\internal\compare
[gosec] 2026/09/30 02:04:11 Checking package: livereplay
[gosec] 2026/09/30 02:04:11 Checking file: C:\Users\kvmuk\livewire\internal\livereplay\livereplay.go
[gosec] 2026/09/30 02:04:11 Checking file: C:\Users\kvmuk\livewire\internal\livereplay\trace.go
[gosec] 2026/09/30 02:04:11 Import directory: C:\Users\kvmuk\livewire\coverage\v1.0.1-linux-worktree\internal\evidence
[gosec] 2026/09/30 02:04:11 Import directory: C:\Users\kvmuk\livewire\coverage\v1-clean-build\internal\stateless
[gosec] 2026/09/30 02:04:11 Import directory: C:\Users\kvmuk\livewire\coverage\v1-final-proof\internal\hoststack
[gosec] 2026/09/30 02:04:11 Import directory: C:\Users\kvmuk\livewire\coverage\v1-final-proof\test\echoserver
[gosec] 2026/09/30 02:04:11 Checking package: backend
[gosec] 2026/09/30 02:04:11 Checking file: C:\Users\kvmuk\livewire\internal\backend\arp_windows.go
[gosec] 2026/09/30 02:04:11 Checking file: C:\Users\kvmuk\livewire\internal\backend\backend.go
[gosec] 2026/09/30 02:04:11 Checking file: C:\Users\kvmuk\livewire\internal\backend\mac_rewrite.go
[gosec] 2026/09/30 02:04:11 Checking file: C:\Users\kvmuk\livewire\internal\backend\mock.go
[gosec] 2026/09/30 02:04:11 Checking file: C:\Users\kvmuk\livewire\internal\backend\ndp.go
[gosec] 2026/09/30 02:04:11 Checking file: C:\Users\kvmuk\livewire\internal\backend\npcap_windows.go
[gosec] 2026/09/30 02:04:11 Checking file: C:\Users\kvmuk\livewire\internal\backend\open.go
[gosec] 2026/09/30 02:04:11 Checking file: C:\Users\kvmuk\livewire\internal\backend\open_windows.go
[gosec] 2026/09/30 02:04:11 Checking file: C:\Users\kvmuk\livewire\internal\backend\tuple_rewrite.go
[gosec] 2026/09/30 02:04:11 Import directory: C:\Users\kvmuk\livewire\coverage\v1-pacing-build\internal\buildinfo
[gosec] 2026/09/30 02:04:11 Import directory: C:\Users\kvmuk\livewire\coverage\v1-pacing-build\internal\stateless
[gosec] 2026/09/30 02:04:11 Import directory: C:\Users\kvmuk\livewire\coverage\v1.0.1-linux-worktree\internal\adapters
[gosec] 2026/09/30 02:04:11 Import directory: C:\Users\kvmuk\livewire\coverage\v1-clean-build\internal\lab
[gosec] 2026/09/30 02:04:11 Import directory: C:\Users\kvmuk\livewire\coverage\v1-clean-build\internal\secureexec
[gosec] 2026/09/30 02:04:11 Import directory: C:\Users\kvmuk\livewire\coverage\v1-http-public-repro-smoke\internal\backend
[gosec] 2026/09/30 02:04:11 Import directory: C:\Users\kvmuk\livewire\coverage\v1-http-public-repro-smoke\internal\dissect
[gosec] 2026/09/30 02:04:11 Import directory: C:\Users\kvmuk\livewire\coverage\v1-linux-pacing-worktree\internal\pcapio
[gosec] 2026/09/30 02:04:11 Import directory: C:\Users\kvmuk\livewire\coverage\v1.0.1-linux-worktree\internal\runstate
[gosec] 2026/09/30 02:04:11 Import directory: C:\Users\kvmuk\livewire\coverage\v1.0.1-linux-worktree\internal\securefile
[gosec] 2026/09/30 02:04:11 Import directory: C:\Users\kvmuk\livewire\coverage\v1.0.1-linux-worktree\scripts\task
[gosec] 2026/09/30 02:04:11 Import directory: C:\Users\kvmuk\livewire\coverage\v1-http-public-repro-smoke\internal\tui
[gosec] 2026/09/30 02:04:11 Checking package: main
[gosec] 2026/09/30 02:04:11 Checking file: C:\Users\kvmuk\livewire\test\echoserver\main.go
[gosec] 2026/09/30 02:04:11 Import directory: C:\Users\kvmuk\livewire\coverage\v1-pacing-build\internal\livereplay
[gosec] 2026/09/30 02:04:12 Import directory: C:\Users\kvmuk\livewire\internal\edit
[gosec] 2026/09/30 02:04:12 Checking package: ftpreplay
[gosec] 2026/09/30 02:04:12 Checking file: C:\Users\kvmuk\livewire\internal\ftpreplay\cancel.go
[gosec] 2026/09/30 02:04:12 Checking file: C:\Users\kvmuk\livewire\internal\ftpreplay\group.go
[gosec] 2026/09/30 02:04:12 Checking file: C:\Users\kvmuk\livewire\internal\ftpreplay\plaintext.go
[gosec] 2026/09/30 02:04:12 Checking file: C:\Users\kvmuk\livewire\internal\ftpreplay\runner.go
[gosec] 2026/09/30 02:04:12 Import directory: C:\Users\kvmuk\livewire\scripts\qualify
[gosec] 2026/09/30 02:04:12 Checking file: C:\Users\kvmuk\livewire\internal\ftpreplay\script.go
[gosec] 2026/09/30 02:04:12 Import directory: C:\Users\kvmuk\livewire\coverage\v1-clean-build\internal\runstate
[gosec] 2026/09/30 02:04:12 Import directory: C:\Users\kvmuk\livewire\coverage\v1-http-public-repro-smoke\internal\engine
[gosec] 2026/09/30 02:04:12 Import directory: C:\Users\kvmuk\livewire\coverage\v1-pacing-build\internal\compare
[gosec] 2026/09/30 02:04:12 Import directory: C:\Users\kvmuk\livewire\coverage\v1-pacing-build\internal\runstate
[gosec] 2026/09/30 02:04:12 Import directory: C:\Users\kvmuk\livewire\internal\buildinfo
[gosec] 2026/09/30 02:04:12 Import directory: C:\Users\kvmuk\livewire\internal\flow
[gosec] 2026/09/30 02:04:12 Import directory: C:\Users\kvmuk\livewire\coverage\v1.0.1-linux-worktree\internal\planexec
[gosec] 2026/09/30 02:04:12 Checking package: secureexec
[gosec] 2026/09/30 02:04:12 Checking file: C:\Users\kvmuk\livewire\internal\secureexec\execute.go
[gosec] 2026/09/30 02:04:12 Checking file: C:\Users\kvmuk\livewire\internal\secureexec\outcome.go
[gosec] 2026/09/30 02:04:12 Checking file: C:\Users\kvmuk\livewire\internal\secureexec\tls_script.go
[gosec] 2026/09/30 02:04:12 Import directory: C:\Users\kvmuk\livewire\coverage\v1-http-public-repro-smoke\internal\secureexec
[gosec] 2026/09/30 02:04:12 Checking package: wire
[gosec] 2026/09/30 02:04:12 Checking file: C:\Users\kvmuk\livewire\internal\wire\checksum.go
[gosec] 2026/09/30 02:04:12 Checking file: C:\Users\kvmuk\livewire\internal\wire\edit.go
[gosec] 2026/09/30 02:04:12 Checking file: C:\Users\kvmuk\livewire\internal\wire\frag.go
[gosec] 2026/09/30 02:04:12 Checking file: C:\Users\kvmuk\livewire\internal\wire\fragment_edit.go
[gosec] 2026/09/30 02:04:12 Checking file: C:\Users\kvmuk\livewire\internal\wire\optedit.go
[gosec] 2026/09/30 02:04:12 Checking file: C:\Users\kvmuk\livewire\internal\wire\options.go
[gosec] 2026/09/30 02:04:12 Checking file: C:\Users\kvmuk\livewire\internal\wire\reseg.go
[gosec] 2026/09/30 02:04:12 Checking file: C:\Users\kvmuk\livewire\internal\wire\vlan.go
[gosec] 2026/09/30 02:04:12 Checking file: C:\Users\kvmuk\livewire\internal\wire\wire.go
[gosec] 2026/09/30 02:04:12 Import directory: C:\Users\kvmuk\livewire\coverage\v1-linux-pacing-worktree\internal\engine
[gosec] 2026/09/30 02:04:12 Import directory: C:\Users\kvmuk\livewire\internal\compare
[gosec] 2026/09/30 02:04:12 Import directory: C:\Users\kvmuk\livewire\internal\ipreasm
[gosec] 2026/09/30 02:04:12 Import directory: C:\Users\kvmuk\livewire\coverage\v1-clean-build\internal\tui
[gosec] 2026/09/30 02:04:12 Checking package: pcapio
[gosec] 2026/09/30 02:04:12 Checking file: C:\Users\kvmuk\livewire\internal\pcapio\limits.go
[gosec] 2026/09/30 02:04:12 Checking file: C:\Users\kvmuk\livewire\internal\pcapio\pcap.go
[gosec] 2026/09/30 02:04:12 Checking file: C:\Users\kvmuk\livewire\internal\pcapio\pcapio.go
[gosec] 2026/09/30 02:04:12 Checking file: C:\Users\kvmuk\livewire\internal\pcapio\pcapng.go
[gosec] 2026/09/30 02:04:12 Checking file: C:\Users\kvmuk\livewire\internal\pcapio\pcapng_writer.go
[gosec] 2026/09/30 02:04:12 Import directory: C:\Users\kvmuk\livewire\coverage\v1-final-proof\cmd\livewire
[gosec] 2026/09/30 02:04:12 Import directory: C:\Users\kvmuk\livewire\coverage\v1-final-proof\scripts\qualify
[gosec] 2026/09/30 02:04:12 Checking package: supportbundle
[gosec] 2026/09/30 02:04:12 Checking file: C:\Users\kvmuk\livewire\internal\supportbundle\bundle.go
[gosec] 2026/09/30 02:04:12 Import directory: C:\Users\kvmuk\livewire\coverage\v1-linux-pacing-worktree\internal\supportbundle
[gosec] 2026/09/30 02:04:12 Import directory: C:\Users\kvmuk\livewire\coverage\v1-linux-pacing-worktree\scripts\task
[gosec] 2026/09/30 02:04:12 Import directory: C:\Users\kvmuk\livewire\coverage\v1.0.1-linux-worktree\internal\engine
[gosec] 2026/09/30 02:04:12 Checking package: main
[gosec] 2026/09/30 02:04:12 Checking file: C:\Users\kvmuk\livewire\scripts\task\compare.go
[gosec] 2026/09/30 02:04:12 Checking file: C:\Users\kvmuk\livewire\scripts\task\main.go
[gosec] 2026/09/30 02:04:12 Checking package: buildinfo
[gosec] 2026/09/30 02:04:12 Checking file: C:\Users\kvmuk\livewire\internal\buildinfo\buildinfo.go
[gosec] 2026/09/30 02:04:12 Import directory: C:\Users\kvmuk\livewire\coverage\v1.0.1-linux-worktree\internal\hoststack
[gosec] 2026/09/30 02:04:13 Import directory: C:\Users\kvmuk\livewire\coverage\v1.0.1-linux-worktree\internal\tui
[gosec] 2026/09/30 02:04:13 Import directory: C:\Users\kvmuk\livewire\coverage\v1-final-proof\internal\adapters
[gosec] 2026/09/30 02:04:13 Import directory: C:\Users\kvmuk\livewire\coverage\v1-final-proof\internal\secureexec
[gosec] 2026/09/30 02:04:13 Import directory: C:\Users\kvmuk\livewire\coverage\v1-linux-pacing-worktree\internal\adapters
[gosec] 2026/09/30 02:04:13 Import directory: C:\Users\kvmuk\livewire\coverage\v1-linux-pacing-worktree\internal\livereplay
[gosec] 2026/09/30 02:04:13 Checking package: planexec
[gosec] 2026/09/30 02:04:13 Checking file: C:\Users\kvmuk\livewire\internal\planexec\planexec.go
[gosec] 2026/09/30 02:04:13 Checking file: C:\Users\kvmuk\livewire\internal\planexec\wire.go
[gosec] 2026/09/30 02:04:13 Import directory: C:\Users\kvmuk\livewire\coverage\v1-linux-pacing-worktree\internal\webui
[gosec] 2026/09/30 02:04:13 Checking package: edit
[gosec] 2026/09/30 02:04:13 Checking file: C:\Users\kvmuk\livewire\internal\edit\pipeline.go
[gosec] 2026/09/30 02:04:13 Import directory: C:\Users\kvmuk\livewire\coverage\v1-final-proof\internal\runstate
[gosec] 2026/09/30 02:04:13 Import directory: C:\Users\kvmuk\livewire\coverage\v1-http-public-repro-smoke\internal\sshreplay
[gosec] 2026/09/30 02:04:13 Import directory: C:\Users\kvmuk\livewire\coverage\v1-linux-pacing-worktree\internal\lab
[gosec] 2026/09/30 02:04:13 Import directory: C:\Users\kvmuk\livewire\coverage\v1-pacing-build\internal\backend
[gosec] 2026/09/30 02:04:13 Import directory: C:\Users\kvmuk\livewire\coverage\v1-pacing-build\internal\hoststack
[gosec] 2026/09/30 02:04:13 Checking package: main
[gosec] 2026/09/30 02:04:13 Checking file: C:\Users\kvmuk\livewire\cmd\livewire\analyze.go
[gosec] 2026/09/30 02:04:13 Checking file: C:\Users\kvmuk\livewire\cmd\livewire\artifacts.go
[gosec] 2026/09/30 02:04:13 Checking file: C:\Users\kvmuk\livewire\cmd\livewire\bundle.go
[gosec] 2026/09/30 02:04:13 Checking file: C:\Users\kvmuk\livewire\cmd\livewire\capio.go
[gosec] 2026/09/30 02:04:13 Checking file: C:\Users\kvmuk\livewire\cmd\livewire\capture.go
[gosec] 2026/09/30 02:04:13 Checking file: C:\Users\kvmuk\livewire\cmd\livewire\check.go
[gosec] 2026/09/30 02:04:13 Checking file: C:\Users\kvmuk\livewire\cmd\livewire\compare.go
[gosec] 2026/09/30 02:04:13 Checking file: C:\Users\kvmuk\livewire\cmd\livewire\convert.go
[gosec] 2026/09/30 02:04:13 Checking file: C:\Users\kvmuk\livewire\cmd\livewire\coverage.go
[gosec] 2026/09/30 02:04:13 Checking file: C:\Users\kvmuk\livewire\cmd\livewire\devs_windows.go
[gosec] 2026/09/30 02:04:13 Checking file: C:\Users\kvmuk\livewire\cmd\livewire\doctor.go
[gosec] 2026/09/30 02:04:13 Checking file: C:\Users\kvmuk\livewire\cmd\livewire\doctor_windows.go
[gosec] 2026/09/30 02:04:13 Checking file: C:\Users\kvmuk\livewire\cmd\livewire\execution_flags.go
[gosec] 2026/09/30 02:04:13 Checking file: C:\Users\kvmuk\livewire\cmd\livewire\fault_expectation.go
[gosec] 2026/09/30 02:04:13 Checking file: C:\Users\kvmuk\livewire\cmd\livewire\fidelity.go
[gosec] 2026/09/30 02:04:13 Checking file: C:\Users\kvmuk\livewire\cmd\livewire\flags.go
[gosec] 2026/09/30 02:04:13 Checking file: C:\Users\kvmuk\livewire\cmd\livewire\ftp_cmd.go
[gosec] 2026/09/30 02:04:13 Checking file: C:\Users\kvmuk\livewire\cmd\livewire\help.go
[gosec] 2026/09/30 02:04:13 Checking file: C:\Users\kvmuk\livewire\cmd\livewire\ifaces.go
[gosec] 2026/09/30 02:04:13 Checking file: C:\Users\kvmuk\livewire\cmd\livewire\info.go
[gosec] 2026/09/30 02:04:13 Import directory: C:\Users\kvmuk\livewire\coverage\v1-clean-build\internal\buildinfo
[gosec] 2026/09/30 02:04:13 Checking file: C:\Users\kvmuk\livewire\cmd\livewire\lab.go
[gosec] 2026/09/30 02:04:13 Checking file: C:\Users\kvmuk\livewire\cmd\livewire\live.go
[gosec] 2026/09/30 02:04:13 Checking file: C:\Users\kvmuk\livewire\cmd\livewire\live_real.go
[gosec] 2026/09/30 02:04:13 Checking file: C:\Users\kvmuk\livewire\cmd\livewire\main.go
[gosec] 2026/09/30 02:04:13 Import directory: C:\Users\kvmuk\livewire\coverage\v1-final-proof\internal\orchestration
[gosec] 2026/09/30 02:04:13 Checking file: C:\Users\kvmuk\livewire\cmd\livewire\plan_run.go
[gosec] 2026/09/30 02:04:13 Checking file: C:\Users\kvmuk\livewire\cmd\livewire\preflight.go
[gosec] 2026/09/30 02:04:13 Checking file: C:\Users\kvmuk\livewire\cmd\livewire\protocol_orchestrator.go
[gosec] 2026/09/30 02:04:13 Import directory: C:\Users\kvmuk\livewire\coverage\v1.0.1-linux-worktree\internal\edit
[gosec] 2026/09/30 02:04:13 Import directory: C:\Users\kvmuk\livewire\coverage\v1.0.1-linux-worktree\internal\qualification
[gosec] 2026/09/30 02:04:13 Checking file: C:\Users\kvmuk\livewire\cmd\livewire\recovery.go
[gosec] 2026/09/30 02:04:13 Checking file: C:\Users\kvmuk\livewire\cmd\livewire\replay.go
[gosec] 2026/09/30 02:04:13 Checking file: C:\Users\kvmuk\livewire\cmd\livewire\report.go
[gosec] 2026/09/30 02:04:13 Checking file: C:\Users\kvmuk\livewire\cmd\livewire\reproduce.go
[gosec] 2026/09/30 02:04:13 Checking file: C:\Users\kvmuk\livewire\cmd\livewire\resume_identity.go
[gosec] 2026/09/30 02:04:13 Checking file: C:\Users\kvmuk\livewire\cmd\livewire\retermination_report.go
[gosec] 2026/09/30 02:04:13 Import directory: C:\Users\kvmuk\livewire\internal\runvars
[gosec] 2026/09/30 02:04:13 Checking file: C:\Users\kvmuk\livewire\cmd\livewire\rewrite.go
[gosec] 2026/09/30 02:04:13 Checking file: C:\Users\kvmuk\livewire\cmd\livewire\rstdrop.go
[gosec] 2026/09/30 02:04:13 Checking file: C:\Users\kvmuk\livewire\cmd\livewire\ssh_cmd.go
[gosec] 2026/09/30 02:04:13 Checking file: C:\Users\kvmuk\livewire\cmd\livewire\tls_cmd.go
[gosec] 2026/09/30 02:04:13 Checking file: C:\Users\kvmuk\livewire\cmd\livewire\unified_help.go
[gosec] 2026/09/30 02:04:13 Checking file: C:\Users\kvmuk\livewire\cmd\livewire\validation.go
[gosec] 2026/09/30 02:04:13 Checking file: C:\Users\kvmuk\livewire\cmd\livewire\variables.go
[gosec] 2026/09/30 02:04:13 Checking file: C:\Users\kvmuk\livewire\cmd\livewire\verdict.go
[gosec] 2026/09/30 02:04:13 Checking file: C:\Users\kvmuk\livewire\cmd\livewire\web.go
[gosec] 2026/09/30 02:04:13 Import directory: C:\Users\kvmuk\livewire\coverage\v1-pacing-build\internal\flow
[gosec] 2026/09/30 02:04:13 Import directory: C:\Users\kvmuk\livewire\internal\evidence
[gosec] 2026/09/30 02:04:13 Import directory: C:\Users\kvmuk\livewire\internal\hoststack
[gosec] 2026/09/30 02:04:13 Checking package: flow
[gosec] 2026/09/30 02:04:13 Checking file: C:\Users\kvmuk\livewire\internal\flow\key.go
[gosec] 2026/09/30 02:04:13 Import directory: C:\Users\kvmuk\livewire\coverage\v1-http-public-repro-smoke\cmd\livewire
[gosec] 2026/09/30 02:04:13 Import directory: C:\Users\kvmuk\livewire\coverage\v1-linux-pacing-worktree\internal\tlsreplay
[gosec] 2026/09/30 02:04:13 Checking package: ipreasm
[gosec] 2026/09/30 02:04:13 Checking file: C:\Users\kvmuk\livewire\internal\ipreasm\ipreasm.go
[gosec] 2026/09/30 02:04:13 Import directory: C:\Users\kvmuk\livewire\coverage\v1-pacing-build\internal\ftpreplay
[gosec] 2026/09/30 02:04:14 Import directory: C:\Users\kvmuk\livewire\coverage\v1-pacing-build\internal\orchestration
[gosec] 2026/09/30 02:04:14 Import directory: C:\Users\kvmuk\livewire\coverage\v1-pacing-build\internal\tlsreplay
[gosec] 2026/09/30 02:04:14 Checking package: main
[gosec] 2026/09/30 02:04:14 Checking file: C:\Users\kvmuk\livewire\scripts\qualify\main.go
[gosec] 2026/09/30 02:04:14 Import directory: C:\Users\kvmuk\livewire\coverage\v1-clean-build\internal\adapters
[gosec] 2026/09/30 02:04:14 Import directory: C:\Users\kvmuk\livewire\coverage\v1-clean-build\internal\dissect
[gosec] 2026/09/30 02:04:14 Import directory: C:\Users\kvmuk\livewire\coverage\v1-final-proof\internal\dissect
[gosec] 2026/09/30 02:04:14 Import directory: C:\Users\kvmuk\livewire\coverage\v1-http-public-repro-smoke\internal\buildinfo
[gosec] 2026/09/30 02:04:14 Import directory: C:\Users\kvmuk\livewire\coverage\v1-http-public-repro-smoke\internal\planexec
[gosec] 2026/09/30 02:04:14 Import directory: C:\Users\kvmuk\livewire\internal\replaylab
[gosec] 2026/09/30 02:04:14 Import directory: C:\Users\kvmuk\livewire\coverage\v1-final-proof\internal\tui
[gosec] 2026/09/30 02:04:14 Import directory: C:\Users\kvmuk\livewire\coverage\v1-http-public-repro-smoke\internal\supportbundle
[gosec] 2026/09/30 02:04:14 Import directory: C:\Users\kvmuk\livewire\coverage\v1-linux-pacing-worktree\scripts\qualify
[gosec] 2026/09/30 02:04:14 Import directory: C:\Users\kvmuk\livewire\coverage\v1.0.1-linux-worktree\internal\units
[gosec] 2026/09/30 02:04:14 Checking package: compare
[gosec] 2026/09/30 02:04:14 Checking file: C:\Users\kvmuk\livewire\internal\compare\compare.go
[gosec] 2026/09/30 02:04:14 Import directory: C:\Users\kvmuk\livewire\coverage\v1-clean-build\internal\runvars
[gosec] 2026/09/30 02:04:14 Import directory: C:\Users\kvmuk\livewire\coverage\v1-final-proof\internal\runvars
[gosec] 2026/09/30 02:04:14 Import directory: C:\Users\kvmuk\livewire\coverage\v1.0.1-linux-worktree\internal\secureexec
[gosec] 2026/09/30 02:04:14 Import directory: C:\Users\kvmuk\livewire\coverage\v1-clean-build\internal\backend
[gosec] 2026/09/30 02:04:14 Import directory: C:\Users\kvmuk\livewire\coverage\v1-final-proof\internal\backend
[gosec] 2026/09/30 02:04:14 Import directory: C:\Users\kvmuk\livewire\coverage\v1-linux-pacing-worktree\internal\tui
[gosec] 2026/09/30 02:04:14 Import directory: C:\Users\kvmuk\livewire\coverage\v1-pacing-build\internal\units
[gosec] 2026/09/30 02:04:14 Import directory: C:\Users\kvmuk\livewire\coverage\v1-final-proof\internal\webui
[gosec] 2026/09/30 02:04:14 Import directory: C:\Users\kvmuk\livewire\coverage\v1-linux-pacing-worktree\internal\ipreasm
[gosec] 2026/09/30 02:04:14 Import directory: C:\Users\kvmuk\livewire\coverage\v1-pacing-build\internal\evidence
[gosec] 2026/09/30 02:04:15 Import directory: C:\Users\kvmuk\livewire\coverage\v1-final-proof\internal\replayintent
[gosec] 2026/09/30 02:04:15 Checking package: runvars
[gosec] 2026/09/30 02:04:15 Checking file: C:\Users\kvmuk\livewire\internal\runvars\redactor.go
[gosec] 2026/09/30 02:04:15 Checking file: C:\Users\kvmuk\livewire\internal\runvars\runvars.go
[gosec] 2026/09/30 02:04:15 Import directory: C:\Users\kvmuk\livewire\coverage\v1-linux-pacing-worktree\cmd\livewire
[gosec] 2026/09/30 02:04:15 Import directory: C:\Users\kvmuk\livewire\coverage\v1-pacing-build\cmd\livewire
[gosec] 2026/09/30 02:04:15 Import directory: C:\Users\kvmuk\livewire\coverage\v1-pacing-build\internal\dissect
[gosec] 2026/09/30 02:04:15 Import directory: C:\Users\kvmuk\livewire\coverage\v1-pacing-build\internal\securefile
[gosec] 2026/09/30 02:04:15 Import directory: C:\Users\kvmuk\livewire\internal\webui
[gosec] 2026/09/30 02:04:15 Checking package: hoststack
[gosec] 2026/09/30 02:04:15 Checking file: C:\Users\kvmuk\livewire\internal\hoststack\reconcile_other.go
[gosec] 2026/09/30 02:04:15 Checking file: C:\Users\kvmuk\livewire\internal\hoststack\rst_windows.go
[gosec] 2026/09/30 02:04:15 Import directory: C:\Users\kvmuk\livewire\coverage\v1-pacing-build\internal\iterate
[gosec] 2026/09/30 02:04:15 Checking file: C:\Users\kvmuk\livewire\internal\hoststack\suppressor.go
[gosec] 2026/09/30 02:04:15 Import directory: C:\Users\kvmuk\livewire\internal\adapters
[gosec] 2026/09/30 02:04:15 Import directory: C:\Users\kvmuk\livewire\internal\runstate
[gosec] 2026/09/30 02:04:15 Import directory: C:\Users\kvmuk\livewire\internal\tui
[gosec] 2026/09/30 02:04:15 Import directory: C:\Users\kvmuk\livewire\coverage\v1-clean-build\internal\replaylab
[gosec] 2026/09/30 02:04:15 Import directory: C:\Users\kvmuk\livewire\coverage\v1-http-public-repro-smoke\internal\hoststack
[gosec] 2026/09/30 02:04:15 Import directory: C:\Users\kvmuk\livewire\coverage\v1-pacing-build\internal\qualification
[gosec] 2026/09/30 02:04:15 Import directory: C:\Users\kvmuk\livewire\coverage\v1-http-public-repro-smoke\internal\replay
[gosec] 2026/09/30 02:04:15 Checking package: evidence
[gosec] 2026/09/30 02:04:15 Checking file: C:\Users\kvmuk\livewire\internal\evidence\stream.go
[gosec] 2026/09/30 02:04:15 Import directory: C:\Users\kvmuk\livewire\coverage\v1-http-public-repro-smoke\internal\tlsreplay
[gosec] 2026/09/30 02:04:15 Import directory: C:\Users\kvmuk\livewire\coverage\v1-clean-build\internal\wire
[gosec] 2026/09/30 02:04:15 Import directory: C:\Users\kvmuk\livewire\coverage\v1-linux-pacing-worktree\scripts
[gosec] 2026/09/30 02:04:15 Import directory: C:\Users\kvmuk\livewire\coverage\v1.0.1-linux-worktree\internal\iterate
[gosec] 2026/09/30 02:04:15 Import directory: C:\Users\kvmuk\livewire\coverage\v1-clean-build\internal\qualification
[gosec] 2026/09/30 02:04:15 Import directory: C:\Users\kvmuk\livewire\coverage\v1-final-proof\internal\wire
[gosec] 2026/09/30 02:04:15 Import directory: C:\Users\kvmuk\livewire\coverage\v1-linux-pacing-worktree\internal\buildinfo
[gosec] 2026/09/30 02:04:15 Import directory: C:\Users\kvmuk\livewire\internal\tlsreplay
[gosec] 2026/09/30 02:04:15 Import directory: C:\Users\kvmuk\livewire\coverage\v1-final-proof\internal\ftpreplay
[gosec] 2026/09/30 02:04:16 Import directory: C:\Users\kvmuk\livewire\coverage\v1-http-public-repro-smoke\internal\replaylab
[gosec] 2026/09/30 02:04:16 Checking package: replaylab
[gosec] 2026/09/30 02:04:16 Checking file: C:\Users\kvmuk\livewire\internal\replaylab\capture.go
[gosec] 2026/09/30 02:04:16 Checking file: C:\Users\kvmuk\livewire\internal\replaylab\case.go
[gosec] 2026/09/30 02:04:16 Checking file: C:\Users\kvmuk\livewire\internal\replaylab\cases_dnp3.go
[gosec] 2026/09/30 02:04:16 Checking file: C:\Users\kvmuk\livewire\internal\replaylab\cases_ftp.go
[gosec] 2026/09/30 02:04:16 Checking file: C:\Users\kvmuk\livewire\internal\replaylab\cases_mqtt.go
[gosec] 2026/09/30 02:04:16 Checking file: C:\Users\kvmuk\livewire\internal\replaylab\cases_ssh.go
[gosec] 2026/09/30 02:04:16 Checking file: C:\Users\kvmuk\livewire\internal\replaylab\cases_stream.go
[gosec] 2026/09/30 02:04:16 Checking file: C:\Users\kvmuk\livewire\internal\replaylab\run.go
[gosec] 2026/09/30 02:04:16 Checking file: C:\Users\kvmuk\livewire\internal\replaylab\stream.go
[gosec] 2026/09/30 02:04:16 Import directory: C:\Users\kvmuk\livewire\coverage\v1-linux-pacing-worktree\internal\dissect
[gosec] 2026/09/30 02:04:16 Import directory: C:\Users\kvmuk\livewire\coverage\v1.0.1-linux-worktree\scripts
[gosec] 2026/09/30 02:04:16 Import directory: C:\Users\kvmuk\livewire\coverage\v1.0.1-linux-worktree\test\echoserver
[gosec] 2026/09/30 02:04:16 Import directory: C:\Users\kvmuk\livewire\internal\engine
[gosec] 2026/09/30 02:04:16 Import directory: C:\Users\kvmuk\livewire\coverage\v1-http-public-repro-smoke\internal\pcapio
[gosec] 2026/09/30 02:04:16 Import directory: C:\Users\kvmuk\livewire\coverage\v1-http-public-repro-smoke\internal\iterate
[gosec] 2026/09/30 02:04:16 Import directory: C:\Users\kvmuk\livewire\coverage\v1-linux-pacing-worktree\internal\replaylab
[gosec] 2026/09/30 02:04:16 Import directory: C:\Users\kvmuk\livewire\coverage\v1-linux-pacing-worktree\internal\wire
[gosec] 2026/09/30 02:04:16 Import directory: C:\Users\kvmuk\livewire\coverage\v1-pacing-build\internal\edit
[gosec] 2026/09/30 02:04:16 Import directory: C:\Users\kvmuk\livewire\coverage\v1-pacing-build\internal\runvars
[gosec] 2026/09/30 02:04:16 Import directory: C:\Users\kvmuk\livewire\coverage\v1-clean-build\internal\planexec
[gosec] 2026/09/30 02:04:16 Import directory: C:\Users\kvmuk\livewire\coverage\v1-clean-build\scripts\task
[gosec] 2026/09/30 02:04:16 Import directory: C:\Users\kvmuk\livewire\coverage\v1-final-proof\internal\sshreplay
[gosec] 2026/09/30 02:04:16 Import directory: C:\Users\kvmuk\livewire\coverage\v1-http-public-repro-smoke\internal\ipreasm
[gosec] 2026/09/30 02:04:16 Import directory: C:\Users\kvmuk\livewire\coverage\v1-linux-pacing-worktree\internal\units
[gosec] 2026/09/30 02:04:16 Import directory: C:\Users\kvmuk\livewire\coverage\v1-pacing-build\internal\engine
[gosec] 2026/09/30 02:04:16 Import directory: C:\Users\kvmuk\livewire\coverage\v1-pacing-build\internal\webui
[gosec] 2026/09/30 02:04:16 Import directory: C:\Users\kvmuk\livewire\coverage\v1.0.1-linux-worktree\internal\stateless
[gosec] 2026/09/30 02:04:16 Import directory: C:\Users\kvmuk\livewire\coverage\v1-clean-build\internal\engine
[gosec] 2026/09/30 02:04:16 Import directory: C:\Users\kvmuk\livewire\coverage\v1-clean-build\internal\orchestration
[gosec] 2026/09/30 02:04:16 Import directory: C:\Users\kvmuk\livewire\coverage\v1-final-proof\internal\engine
[gosec] 2026/09/30 02:04:17 Import directory: C:\Users\kvmuk\livewire\coverage\v1-http-public-repro-smoke\internal\flow
[gosec] 2026/09/30 02:04:17 Checking package: runstate
[gosec] 2026/09/30 02:04:17 Checking file: C:\Users\kvmuk\livewire\internal\runstate\lock_windows.go
[gosec] 2026/09/30 02:04:17 Checking file: C:\Users\kvmuk\livewire\internal\runstate\store.go
[gosec] 2026/09/30 02:04:17 Checking package: tui
[gosec] 2026/09/30 02:04:17 Checking file: C:\Users\kvmuk\livewire\internal\tui\dashboard.go
[gosec] 2026/09/30 02:04:17 Import directory: C:\Users\kvmuk\livewire\coverage\v1-linux-pacing-worktree\internal\hoststack
[gosec] 2026/09/30 02:04:17 Import directory: C:\Users\kvmuk\livewire\coverage\v1-linux-pacing-worktree\internal\replay
[gosec] 2026/09/30 02:04:17 Import directory: C:\Users\kvmuk\livewire\internal\orchestration
[gosec] 2026/09/30 02:04:17 Import directory: C:\Users\kvmuk\livewire\coverage\v1-final-proof\internal\edit
[gosec] 2026/09/30 02:04:17 Import directory: C:\Users\kvmuk\livewire\coverage\v1-http-public-repro-smoke\internal\units
[gosec] 2026/09/30 02:04:17 Checking package: adapters
[gosec] 2026/09/30 02:04:17 Checking file: C:\Users\kvmuk\livewire\internal\adapters\crypto.go
[gosec] 2026/09/30 02:04:17 Checking file: C:\Users\kvmuk\livewire\internal\adapters\dnp3_messages.go
[gosec] 2026/09/30 02:04:17 Checking file: C:\Users\kvmuk\livewire\internal\adapters\dnp3_state.go
[gosec] 2026/09/30 02:04:17 Checking file: C:\Users\kvmuk\livewire\internal\adapters\dns.go
[gosec] 2026/09/30 02:04:17 Checking file: C:\Users\kvmuk\livewire\internal\adapters\ftp.go
[gosec] 2026/09/30 02:04:17 Checking file: C:\Users\kvmuk\livewire\internal\adapters\helpers.go
[gosec] 2026/09/30 02:04:17 Checking file: C:\Users\kvmuk\livewire\internal\adapters\http.go
[gosec] 2026/09/30 02:04:17 Checking file: C:\Users\kvmuk\livewire\internal\adapters\http_policy.go
[gosec] 2026/09/30 02:04:17 Checking file: C:\Users\kvmuk\livewire\internal\adapters\incremental.go
[gosec] 2026/09/30 02:04:17 Checking file: C:\Users\kvmuk\livewire\internal\adapters\industrial.go
[gosec] 2026/09/30 02:04:17 Checking file: C:\Users\kvmuk\livewire\internal\adapters\live_events.go
[gosec] 2026/09/30 02:04:17 Checking file: C:\Users\kvmuk\livewire\internal\adapters\mqtt.go
[gosec] 2026/09/30 02:04:17 Checking file: C:\Users\kvmuk\livewire\internal\adapters\mqtt5.go
[gosec] 2026/09/30 02:04:17 Checking file: C:\Users\kvmuk\livewire\internal\adapters\mqtt_maintenance.go
[gosec] 2026/09/30 02:04:17 Checking file: C:\Users\kvmuk\livewire\internal\adapters\mqtt_state.go
[gosec] 2026/09/30 02:04:17 Checking file: C:\Users\kvmuk\livewire\internal\adapters\recovery.go
[gosec] 2026/09/30 02:04:17 Checking file: C:\Users\kvmuk\livewire\internal\adapters\registry.go
[gosec] 2026/09/30 02:04:17 Checking file: C:\Users\kvmuk\livewire\internal\adapters\rules.go
[gosec] 2026/09/30 02:04:17 Import directory: C:\Users\kvmuk\livewire\coverage\v1-linux-pacing-worktree\internal\edit
[gosec] 2026/09/30 02:04:17 Import directory: C:\Users\kvmuk\livewire\coverage\v1-linux-pacing-worktree\internal\secureexec
[gosec] 2026/09/30 02:04:17 Import directory: C:\Users\kvmuk\livewire\coverage\v1-final-proof\internal\tlsreplay
[gosec] 2026/09/30 02:04:17 Import directory: C:\Users\kvmuk\livewire\coverage\v1-http-public-repro-smoke\scripts\task
[gosec] 2026/09/30 02:04:17 Import directory: C:\Users\kvmuk\livewire\coverage\v1-linux-pacing-worktree\internal\qualification
[gosec] 2026/09/30 02:04:17 Import directory: C:\Users\kvmuk\livewire\coverage\v1-pacing-build\internal\planexec
[gosec] 2026/09/30 02:04:17 Import directory: C:\Users\kvmuk\livewire\coverage\v1-pacing-build\internal\replaylab
[gosec] 2026/09/30 02:04:17 Import directory: C:\Users\kvmuk\livewire\coverage\v1.0.1-linux-worktree\internal\flow
[gosec] 2026/09/30 02:04:17 Import directory: C:\Users\kvmuk\livewire\coverage\v1.0.1-linux-worktree\internal\replaylab
[gosec] 2026/09/30 02:04:17 Import directory: C:\Users\kvmuk\livewire\coverage\v1-clean-build\internal\flow
[gosec] 2026/09/30 02:04:18 Import directory: C:\Users\kvmuk\livewire\coverage\v1-http-public-repro-smoke\internal\livereplay
[gosec] 2026/09/30 02:04:18 Checking package: engine
[gosec] 2026/09/30 02:04:18 Checking file: C:\Users\kvmuk\livewire\internal\engine\conversation.go
[gosec] 2026/09/30 02:04:18 Checking file: C:\Users\kvmuk\livewire\internal\engine\driver.go
[gosec] 2026/09/30 02:04:18 Checking file: C:\Users\kvmuk\livewire\internal\engine\dryrun.go
[gosec] 2026/09/30 02:04:18 Checking file: C:\Users\kvmuk\livewire\internal\engine\flow.go
[gosec] 2026/09/30 02:04:18 Import directory: C:\Users\kvmuk\livewire\coverage\v1-http-public-repro-smoke\internal\runvars
[gosec] 2026/09/30 02:04:18 Checking file: C:\Users\kvmuk\livewire\internal\engine\peer.go
[gosec] 2026/09/30 02:04:18 Checking file: C:\Users\kvmuk\livewire\internal\engine\receive.go
[gosec] 2026/09/30 02:04:18 Checking file: C:\Users\kvmuk\livewire\internal\engine\respverify.go
[gosec] 2026/09/30 02:04:18 Checking file: C:\Users\kvmuk\livewire\internal\engine\sender.go
[gosec] 2026/09/30 02:04:18 Checking file: C:\Users\kvmuk\livewire\internal\engine\session.go
[gosec] 2026/09/30 02:04:18 Checking file: C:\Users\kvmuk\livewire\internal\engine\synth.go
[gosec] 2026/09/30 02:04:18 Checking file: C:\Users\kvmuk\livewire\internal\engine\verify.go
[gosec] 2026/09/30 02:04:18 Checking package: webui
[gosec] 2026/09/30 02:04:18 Checking file: C:\Users\kvmuk\livewire\internal\webui\embed.go
[gosec] 2026/09/30 02:04:18 Checking file: C:\Users\kvmuk\livewire\internal\webui\flows.go
[gosec] 2026/09/30 02:04:18 Checking file: C:\Users\kvmuk\livewire\internal\webui\ftp.go
[gosec] 2026/09/30 02:04:18 Checking file: C:\Users\kvmuk\livewire\internal\webui\ifaces_windows.go
[gosec] 2026/09/30 02:04:18 Checking file: C:\Users\kvmuk\livewire\internal\webui\jobs.go
[gosec] 2026/09/30 02:04:18 Checking package: tlsreplay
[gosec] 2026/09/30 02:04:18 Checking file: C:\Users\kvmuk\livewire\internal\tlsreplay\decrypt.go
[gosec] 2026/09/30 02:04:18 Checking file: C:\Users\kvmuk\livewire\internal\webui\platform.go
[gosec] 2026/09/30 02:04:18 Checking file: C:\Users\kvmuk\livewire\internal\tlsreplay\kdf.go
[gosec] 2026/09/30 02:04:18 Checking file: C:\Users\kvmuk\livewire\internal\tlsreplay\keylog.go
[gosec] 2026/09/30 02:04:18 Checking file: C:\Users\kvmuk\livewire\internal\tlsreplay\records.go
[gosec] 2026/09/30 02:04:18 Checking file: C:\Users\kvmuk\livewire\internal\webui\rstrule.go
[gosec] 2026/09/30 02:04:18 Checking file: C:\Users\kvmuk\livewire\internal\webui\run_evidence.go
[gosec] 2026/09/30 02:04:18 Checking file: C:\Users\kvmuk\livewire\internal\webui\runs.go
[gosec] 2026/09/30 02:04:18 Checking file: C:\Users\kvmuk\livewire\internal\tlsreplay\reterminate.go
[gosec] 2026/09/30 02:04:18 Checking file: C:\Users\kvmuk\livewire\internal\tlsreplay\script.go
[gosec] 2026/09/30 02:04:18 Import directory: C:\Users\kvmuk\livewire\coverage\v1-pacing-build\scripts\task
[gosec] 2026/09/30 02:04:18 Checking file: C:\Users\kvmuk\livewire\internal\webui\secure_run.go
[gosec] 2026/09/30 02:04:18 Checking file: C:\Users\kvmuk\livewire\internal\webui\ssh_on.go
[gosec] 2026/09/30 02:04:18 Checking file: C:\Users\kvmuk\livewire\internal\webui\webui.go
[gosec] 2026/09/30 02:04:18 Import directory: C:\Users\kvmuk\livewire\coverage\v1.0.1-linux-worktree\internal\lab
[gosec] 2026/09/30 02:04:18 Import directory: C:\Users\kvmuk\livewire\internal\lab
[gosec] 2026/09/30 02:04:18 Import directory: C:\Users\kvmuk\livewire\coverage\v1-clean-build\internal\hoststack
[gosec] 2026/09/30 02:04:18 Import directory: C:\Users\kvmuk\livewire\coverage\v1-final-proof\internal\stateless
[gosec] 2026/09/30 02:04:18 Import directory: C:\Users\kvmuk\livewire\coverage\v1-http-public-repro-smoke\internal\webui
[gosec] 2026/09/30 02:04:18 Import directory: C:\Users\kvmuk\livewire\coverage\v1-pacing-build\internal\secureexec
[gosec] 2026/09/30 02:04:18 Import directory: C:\Users\kvmuk\livewire\coverage\v1.0.1-linux-worktree\internal\sshreplay
[gosec] 2026/09/30 02:04:18 Import directory: C:\Users\kvmuk\livewire\internal\dissect
[gosec] 2026/09/30 02:04:18 Import directory: C:\Users\kvmuk\livewire\coverage\v1-pacing-build\scripts\replaylab
[gosec] 2026/09/30 02:04:18 Import directory: C:\Users\kvmuk\livewire\internal\iterate
[gosec] 2026/09/30 02:04:18 Import directory: C:\Users\kvmuk\livewire\coverage\v1-pacing-build\internal\adapters
[gosec] 2026/09/30 02:04:18 Import directory: C:\Users\kvmuk\livewire\coverage\v1-pacing-build\internal\replayintent
[gosec] 2026/09/30 02:04:18 Import directory: C:\Users\kvmuk\livewire\internal\replay
[gosec] 2026/09/30 02:04:19 Import directory: C:\Users\kvmuk\livewire\coverage\v1-final-proof\internal\ipreasm
[gosec] 2026/09/30 02:04:19 Import directory: C:\Users\kvmuk\livewire\coverage\v1-clean-build\internal\replayintent
[gosec] 2026/09/30 02:04:19 Import directory: C:\Users\kvmuk\livewire\coverage\v1-clean-build\internal\ipreasm
[gosec] 2026/09/30 02:04:19 Import directory: C:\Users\kvmuk\livewire\coverage\v1-final-proof\internal\evidence
[gosec] 2026/09/30 02:04:19 Import directory: C:\Users\kvmuk\livewire\coverage\v1-final-proof\internal\qualification
[gosec] 2026/09/30 02:04:19 Import directory: C:\Users\kvmuk\livewire\coverage\v1-http-public-repro-smoke\scripts
[gosec] 2026/09/30 02:04:19 Import directory: C:\Users\kvmuk\livewire\coverage\v1.0.1-linux-worktree\cmd\livewire
[gosec] 2026/09/30 02:04:19 Import directory: C:\Users\kvmuk\livewire\coverage\v1-clean-build\internal\webui
[gosec] 2026/09/30 02:04:19 Import directory: C:\Users\kvmuk\livewire\coverage\v1-linux-pacing-worktree\internal\replayintent
[gosec] 2026/09/30 02:04:19 Import directory: C:\Users\kvmuk\livewire\coverage\v1-linux-pacing-worktree\internal\stateless
[gosec] 2026/09/30 02:04:19 Import directory: C:\Users\kvmuk\livewire\coverage\v1.0.1-linux-worktree\internal\dissect
[gosec] 2026/09/30 02:04:19 Checking package: orchestration
[gosec] 2026/09/30 02:04:19 Checking file: C:\Users\kvmuk\livewire\internal\orchestration\orchestration.go
[gosec] 2026/09/30 02:04:19 Checking file: C:\Users\kvmuk\livewire\internal\orchestration\workers.go
[gosec] 2026/09/30 02:04:19 Import directory: C:\Users\kvmuk\livewire\coverage\v1.0.1-linux-worktree\internal\ipreasm
[gosec] 2026/09/30 02:04:19 Import directory: C:\Users\kvmuk\livewire\coverage\v1-http-public-repro-smoke\internal\replayintent
[gosec] 2026/09/30 02:04:19 Import directory: C:\Users\kvmuk\livewire\coverage\v1-linux-pacing-worktree\internal\backend
[gosec] 2026/09/30 02:04:19 Import directory: C:\Users\kvmuk\livewire\coverage\v1-pacing-build\scripts
[gosec] 2026/09/30 02:04:19 Import directory: C:\Users\kvmuk\livewire\coverage\v1.0.1-linux-worktree\scripts\qualify
[gosec] 2026/09/30 02:04:19 Import directory: C:\Users\kvmuk\livewire\coverage\v1.0.1-linux-worktree\internal\replayintent
[gosec] 2026/09/30 02:04:19 Import directory: C:\Users\kvmuk\livewire\coverage\v1-http-public-repro-smoke\internal\wire
[gosec] 2026/09/30 02:04:19 Import directory: C:\Users\kvmuk\livewire\coverage\v1-linux-pacing-worktree\internal\runvars
[gosec] 2026/09/30 02:04:19 Checking package: dissect
[gosec] 2026/09/30 02:04:19 Checking file: C:\Users\kvmuk\livewire\internal\dissect\crypto_guard.go
[gosec] 2026/09/30 02:04:19 Checking file: C:\Users\kvmuk\livewire\internal\dissect\dnp3.go
[gosec] 2026/09/30 02:04:19 Checking file: C:\Users\kvmuk\livewire\internal\dissect\dnp3_assembly.go
[gosec] 2026/09/30 02:04:19 Checking file: C:\Users\kvmuk\livewire\internal\dissect\dnp3_objects.go
[gosec] 2026/09/30 02:04:19 Checking file: C:\Users\kvmuk\livewire\internal\dissect\modbus.go
[gosec] 2026/09/30 02:04:19 Checking file: C:\Users\kvmuk\livewire\internal\dissect\tls.go
[gosec] 2026/09/30 02:04:19 Import directory: C:\Users\kvmuk\livewire\coverage\v1.0.1-linux-worktree\internal\pcapio
[gosec] 2026/09/30 02:04:19 Import directory: C:\Users\kvmuk\livewire\coverage\v1-clean-build\internal\compare
[gosec] 2026/09/30 02:04:19 Import directory: C:\Users\kvmuk\livewire\coverage\v1-final-proof\internal\buildinfo
[gosec] 2026/09/30 02:04:19 Import directory: C:\Users\kvmuk\livewire\coverage\v1-final-proof\internal\compare
[gosec] 2026/09/30 02:04:19 Import directory: C:\Users\kvmuk\livewire\coverage\v1-linux-pacing-worktree\internal\compare
[gosec] 2026/09/30 02:04:20 Import directory: C:\Users\kvmuk\livewire\internal\qualification
[gosec] 2026/09/30 02:04:20 Import directory: C:\Users\kvmuk\livewire\coverage\v1-http-public-repro-smoke\internal\adapters
[gosec] 2026/09/30 02:04:20 Import directory: C:\Users\kvmuk\livewire\coverage\v1-http-public-repro-smoke\internal\orchestration
[gosec] 2026/09/30 02:04:20 Checking package: iterate
[gosec] 2026/09/30 02:04:20 Checking file: C:\Users\kvmuk\livewire\internal\iterate\iterate.go
[gosec] 2026/09/30 02:04:20 Import directory: C:\Users\kvmuk\livewire\coverage\v1-pacing-build\internal\supportbundle
[gosec] 2026/09/30 02:04:20 Checking package: lab
[gosec] 2026/09/30 02:04:20 Checking file: C:\Users\kvmuk\livewire\internal\lab\plan.go
[gosec] 2026/09/30 02:04:20 Checking file: C:\Users\kvmuk\livewire\internal\lab\runner.go
[gosec] 2026/09/30 02:04:20 Checking file: C:\Users\kvmuk\livewire\internal\lab\scenario.go
[gosec] 2026/09/30 02:04:20 Checking file: C:\Users\kvmuk\livewire\internal\lab\schedule.go
[gosec] 2026/09/30 02:04:20 Checking file: C:\Users\kvmuk\livewire\internal\lab\simulator.go
[gosec] 2026/09/30 02:04:20 Checking file: C:\Users\kvmuk\livewire\internal\lab\topology.go
[gosec] 2026/09/30 02:04:20 Import directory: C:\Users\kvmuk\livewire\coverage\v1-soak
[gosec] 2026/09/30 02:04:20 Import directory: C:\Users\kvmuk\livewire\coverage\v1-clean-build\scripts
[gosec] 2026/09/30 02:04:20 Import directory: C:\Users\kvmuk\livewire\coverage\v1-final-proof\internal\units
[gosec] 2026/09/30 02:04:20 Import directory: C:\Users\kvmuk\livewire\coverage\v1-http-public-repro-smoke\internal\ftpreplay
[gosec] 2026/09/30 02:04:20 Import directory: C:\Users\kvmuk\livewire\coverage\v1-pacing-build\internal\tui
[gosec] 2026/09/30 02:04:20 Import directory: C:\Users\kvmuk\livewire\coverage\v1.0.1-linux-worktree\internal\tlsreplay
[gosec] 2026/09/30 02:04:20 Import directory: C:\Users\kvmuk\livewire\internal\sshreplay
[gosec] 2026/09/30 02:04:20 Import directory: C:\Users\kvmuk\livewire\coverage\v1-linux-pacing-worktree\internal\runstate
[gosec] 2026/09/30 02:04:20 Import directory: C:\Users\kvmuk\livewire\coverage\v1-clean-build\scripts\replaylab
[gosec] 2026/09/30 02:04:20 Import directory: C:\Users\kvmuk\livewire\coverage\v1-final-proof\internal\supportbundle
[gosec] 2026/09/30 02:04:20 Import directory: C:\Users\kvmuk\livewire\coverage\v1-http-public-repro-smoke\internal\evidence
[gosec] 2026/09/30 02:04:20 Import directory: C:\Users\kvmuk\livewire\coverage\v1-linux-pacing-worktree\internal\sshreplay
[gosec] 2026/09/30 02:04:20 Import directory: C:\Users\kvmuk\livewire\coverage\v1.0.1-linux-worktree\internal\orchestration
[gosec] 2026/09/30 02:04:20 Import directory: C:\Users\kvmuk\livewire\coverage\v1.0.1-linux-worktree\internal\webui
[gosec] 2026/09/30 02:04:20 Import directory: C:\Users\kvmuk\livewire\scripts\replaylab
[gosec] 2026/09/30 02:04:20 Import directory: C:\Users\kvmuk\livewire\coverage\v1-clean-build\internal\evidence
[gosec] 2026/09/30 02:04:20 Checking package: replay
[gosec] 2026/09/30 02:04:20 Checking file: C:\Users\kvmuk\livewire\internal\replay\adapter.go
[gosec] 2026/09/30 02:04:20 Checking file: C:\Users\kvmuk\livewire\internal\replay\blockers.go
[gosec] 2026/09/30 02:04:20 Checking file: C:\Users\kvmuk\livewire\internal\replay\correlation.go
[gosec] 2026/09/30 02:04:20 Checking file: C:\Users\kvmuk\livewire\internal\replay\datagram.go
[gosec] 2026/09/30 02:04:20 Checking file: C:\Users\kvmuk\livewire\internal\replay\evidence.go
[gosec] 2026/09/30 02:04:20 Checking file: C:\Users\kvmuk\livewire\internal\replay\execution.go
[gosec] 2026/09/30 02:04:20 Checking file: C:\Users\kvmuk\livewire\internal\replay\fingerprint.go
[gosec] 2026/09/30 02:04:20 Checking file: C:\Users\kvmuk\livewire\internal\replay\maintenance.go
[gosec] 2026/09/30 02:04:20 Checking file: C:\Users\kvmuk\livewire\internal\replay\model.go
[gosec] 2026/09/30 02:04:20 Checking file: C:\Users\kvmuk\livewire\internal\replay\plan.go
[gosec] 2026/09/30 02:04:20 Checking file: C:\Users\kvmuk\livewire\internal\replay\reader.go
[gosec] 2026/09/30 02:04:20 Checking file: C:\Users\kvmuk\livewire\internal\replay\recovery_probe.go
[gosec] 2026/09/30 02:04:20 Checking file: C:\Users\kvmuk\livewire\internal\replay\response_error.go
[gosec] 2026/09/30 02:04:20 Checking file: C:\Users\kvmuk\livewire\internal\replay\runtime.go
[gosec] 2026/09/30 02:04:20 Checking file: C:\Users\kvmuk\livewire\internal\replay\scenario.go
[gosec] 2026/09/30 02:04:20 Checking file: C:\Users\kvmuk\livewire\internal\replay\status.go
[gosec] 2026/09/30 02:04:20 Checking file: C:\Users\kvmuk\livewire\internal\replay\tcp_semantic.go
[gosec] 2026/09/30 02:04:20 Checking file: C:\Users\kvmuk\livewire\internal\replay\tcp_stream.go
[gosec] 2026/09/30 02:04:20 Checking file: C:\Users\kvmuk\livewire\internal\replay\timing.go
[gosec] 2026/09/30 02:04:20 Checking file: C:\Users\kvmuk\livewire\internal\replay\trace.go
[gosec] 2026/09/30 02:04:20 Checking file: C:\Users\kvmuk\livewire\internal\replay\transport.go
[gosec] 2026/09/30 02:04:20 Import directory: C:\Users\kvmuk\livewire\coverage\v1-final-proof\scripts\replaylab
[gosec] 2026/09/30 02:04:20 Import directory: C:\Users\kvmuk\livewire\coverage\v1-final-proof\scripts\task
[gosec] 2026/09/30 02:04:20 Import directory: C:\Users\kvmuk\livewire\coverage\v1-http-public-repro-smoke\internal\stateless
[gosec] 2026/09/30 02:04:20 Import directory: C:\Users\kvmuk\livewire\coverage\v1.0.1-linux-worktree\internal\livereplay
[gosec] 2026/09/30 02:04:20 Import directory: C:\Users\kvmuk\livewire\coverage\v1.0.1-linux-worktree\scripts\replaylab
[gosec] 2026/09/30 02:04:21 Checking package: qualification
[gosec] 2026/09/30 02:04:21 Checking file: C:\Users\kvmuk\livewire\internal\qualification\lab.go
[gosec] 2026/09/30 02:04:21 Checking file: C:\Users\kvmuk\livewire\internal\qualification\lab_stateless.go
[gosec] 2026/09/30 02:04:21 Checking file: C:\Users\kvmuk\livewire\internal\qualification\lab_transcript.go
[gosec] 2026/09/30 02:04:21 Checking file: C:\Users\kvmuk\livewire\internal\qualification\qualification.go
[gosec] 2026/09/30 02:04:21 Checking file: C:\Users\kvmuk\livewire\internal\qualification\rss_windows.go
[gosec] 2026/09/30 02:04:21 Checking package: sshreplay
[gosec] 2026/09/30 02:04:21 Checking file: C:\Users\kvmuk\livewire\internal\sshreplay\reterminate.go
[gosec] 2026/09/30 02:04:21 Checking package: main
[gosec] 2026/09/30 02:04:21 Checking file: C:\Users\kvmuk\livewire\scripts\replaylab\main.go
Results:


Summary:
  Gosec  : dev
  Files  : 202
  Lines  : 38205
  Nosec  : 14
  Issues : 0

==> lint ok (1m21.728s)
