==> race
$ go test -race -count=1 ./...
ok  	github.com/kvmukilan/livewire/cmd/livewire	13.288s
ok  	github.com/kvmukilan/livewire/internal/adapters	2.882s
ok  	github.com/kvmukilan/livewire/internal/backend	1.740s
?   	github.com/kvmukilan/livewire/internal/buildinfo	[no test files]
ok  	github.com/kvmukilan/livewire/internal/compare	1.623s
ok  	github.com/kvmukilan/livewire/internal/dissect	1.739s
ok  	github.com/kvmukilan/livewire/internal/edit	1.440s
ok  	github.com/kvmukilan/livewire/internal/engine	1.678s
ok  	github.com/kvmukilan/livewire/internal/evidence	1.748s
?   	github.com/kvmukilan/livewire/internal/flow	[no test files]
ok  	github.com/kvmukilan/livewire/internal/ftpreplay	2.219s
ok  	github.com/kvmukilan/livewire/internal/hoststack	1.448s
ok  	github.com/kvmukilan/livewire/internal/ipreasm	1.423s
ok  	github.com/kvmukilan/livewire/internal/iterate	1.460s
ok  	github.com/kvmukilan/livewire/internal/lab	2.734s
ok  	github.com/kvmukilan/livewire/internal/livereplay	1.391s
ok  	github.com/kvmukilan/livewire/internal/orchestration	1.469s
ok  	github.com/kvmukilan/livewire/internal/pcapio	1.379s
ok  	github.com/kvmukilan/livewire/internal/planexec	2.602s
ok  	github.com/kvmukilan/livewire/internal/qualification	42.381s
ok  	github.com/kvmukilan/livewire/internal/replay	5.474s
ok  	github.com/kvmukilan/livewire/internal/replayintent	1.533s
ok  	github.com/kvmukilan/livewire/internal/replaylab	13.204s
ok  	github.com/kvmukilan/livewire/internal/runstate	2.267s
ok  	github.com/kvmukilan/livewire/internal/runvars	1.475s
ok  	github.com/kvmukilan/livewire/internal/secureexec	1.863s
ok  	github.com/kvmukilan/livewire/internal/securefile	1.490s
ok  	github.com/kvmukilan/livewire/internal/sshreplay	2.793s
ok  	github.com/kvmukilan/livewire/internal/stateless	1.436s
ok  	github.com/kvmukilan/livewire/internal/supportbundle	1.503s
ok  	github.com/kvmukilan/livewire/internal/tlsreplay	4.681s
ok  	github.com/kvmukilan/livewire/internal/tui	1.415s
ok  	github.com/kvmukilan/livewire/internal/units	1.370s
ok  	github.com/kvmukilan/livewire/internal/webui	2.730s
ok  	github.com/kvmukilan/livewire/internal/wire	1.260s
?   	github.com/kvmukilan/livewire/scripts/qualify	[no test files]
?   	github.com/kvmukilan/livewire/scripts/replaylab	[no test files]
?   	github.com/kvmukilan/livewire/scripts/task	[no test files]
?   	github.com/kvmukilan/livewire/test/echoserver	[no test files]
==> race ok (1m2.271s)
