==> cover
$ go test -coverprofile=coverage/aggregate.out -coverpkg=./... ./...
ok  	github.com/kvmukilan/livewire/cmd/livewire	6.063s	coverage: 29.8% of statements in ./...
ok  	github.com/kvmukilan/livewire/internal/adapters	0.296s	coverage: 13.8% of statements in ./...
ok  	github.com/kvmukilan/livewire/internal/backend	0.062s	coverage: 1.3% of statements in ./...
?   	github.com/kvmukilan/livewire/internal/buildinfo	[no test files]
ok  	github.com/kvmukilan/livewire/internal/compare	0.071s	coverage: 1.9% of statements in ./...
ok  	github.com/kvmukilan/livewire/internal/dissect	0.141s	coverage: 1.7% of statements in ./...
ok  	github.com/kvmukilan/livewire/internal/edit	0.091s	coverage: 1.1% of statements in ./...
ok  	github.com/kvmukilan/livewire/internal/engine	0.094s	coverage: 7.0% of statements in ./...
ok  	github.com/kvmukilan/livewire/internal/evidence	0.102s	coverage: 0.8% of statements in ./...
	github.com/kvmukilan/livewire/internal/flow		coverage: 0.0% of statements
ok  	github.com/kvmukilan/livewire/internal/ftpreplay	1.121s	coverage: 6.8% of statements in ./...
ok  	github.com/kvmukilan/livewire/internal/hoststack	0.072s	coverage: 0.2% of statements in ./...
ok  	github.com/kvmukilan/livewire/internal/ipreasm	0.062s	coverage: 1.5% of statements in ./...
ok  	github.com/kvmukilan/livewire/internal/iterate	0.163s	coverage: 0.7% of statements in ./...
ok  	github.com/kvmukilan/livewire/internal/lab	1.019s	coverage: 6.2% of statements in ./...
ok  	github.com/kvmukilan/livewire/internal/livereplay	0.091s	coverage: 1.1% of statements in ./...
ok  	github.com/kvmukilan/livewire/internal/orchestration	0.112s	coverage: 0.5% of statements in ./...
ok  	github.com/kvmukilan/livewire/internal/pcapio	0.071s	coverage: 1.8% of statements in ./...
ok  	github.com/kvmukilan/livewire/internal/planexec	0.463s	coverage: 1.9% of statements in ./...
ok  	github.com/kvmukilan/livewire/internal/qualification	5.209s	coverage: 4.4% of statements in ./...
ok  	github.com/kvmukilan/livewire/internal/recording	0.247s	coverage: 0.5% of statements in ./...
ok  	github.com/kvmukilan/livewire/internal/replay	3.591s	coverage: 9.3% of statements in ./...
ok  	github.com/kvmukilan/livewire/internal/replayintent	0.064s	coverage: 5.4% of statements in ./...
ok  	github.com/kvmukilan/livewire/internal/replaylab	3.712s	coverage: 8.7% of statements in ./...
ok  	github.com/kvmukilan/livewire/internal/runstate	0.397s	coverage: 1.1% of statements in ./...
ok  	github.com/kvmukilan/livewire/internal/runvars	0.051s	coverage: 0.3% of statements in ./...
ok  	github.com/kvmukilan/livewire/internal/secureexec	0.473s	coverage: 3.0% of statements in ./...
ok  	github.com/kvmukilan/livewire/internal/securefile	0.071s	coverage: 0.2% of statements in ./...
ok  	github.com/kvmukilan/livewire/internal/sshreplay	1.710s	coverage: 0.4% of statements in ./...
ok  	github.com/kvmukilan/livewire/internal/stateless	0.047s	coverage: 0.2% of statements in ./...
ok  	github.com/kvmukilan/livewire/internal/supportbundle	0.078s	coverage: 0.8% of statements in ./...
ok  	github.com/kvmukilan/livewire/internal/tlsreplay	3.613s	coverage: 6.1% of statements in ./...
ok  	github.com/kvmukilan/livewire/internal/tui	0.054s	coverage: 0.2% of statements in ./...
ok  	github.com/kvmukilan/livewire/internal/units	0.046s	coverage: 0.0% of statements in ./...
ok  	github.com/kvmukilan/livewire/internal/webui	1.038s	coverage: 21.6% of statements in ./...
ok  	github.com/kvmukilan/livewire/internal/wire	0.045s	coverage: 1.6% of statements in ./...
	github.com/kvmukilan/livewire/scripts/qualify		coverage: 0.0% of statements
	github.com/kvmukilan/livewire/scripts/replaylab		coverage: 0.0% of statements
	github.com/kvmukilan/livewire/scripts/task		coverage: 0.0% of statements
	github.com/kvmukilan/livewire/test/echoserver		coverage: 0.0% of statements
aggregate coverage: 69.5% (required 60%)
$ go test -coverprofile=coverage/pcapio.out ./internal/pcapio
ok  	github.com/kvmukilan/livewire/internal/pcapio	0.015s	coverage: 87.7% of statements
pcapio coverage: 87.7% (required 85%)
$ go test -coverprofile=coverage/webui.out ./internal/webui
ok  	github.com/kvmukilan/livewire/internal/webui	0.308s	coverage: 63.1% of statements
webui coverage: 63.1% (required 60%)
$ go test -coverprofile=coverage/cmd.out ./cmd/livewire
ok  	github.com/kvmukilan/livewire/cmd/livewire	5.638s	coverage: 52.4% of statements
cmd coverage: 52.4% (required 30%)
$ go test -coverprofile=coverage/backend.out ./internal/backend
ok  	github.com/kvmukilan/livewire/internal/backend	0.005s	coverage: 32.3% of statements
backend coverage: 32.3% (required 20%)
==> cover ok (27.884s)
