==> cover
$ go test -coverprofile=coverage/aggregate.out -coverpkg=./... ./...
ok  	github.com/kvmukilan/livewire/cmd/livewire	4.067s	coverage: 27.9% of statements in ./...
ok  	github.com/kvmukilan/livewire/internal/adapters	0.412s	coverage: 14.7% of statements in ./...
ok  	github.com/kvmukilan/livewire/internal/backend	0.123s	coverage: 1.4% of statements in ./...
?   	github.com/kvmukilan/livewire/internal/buildinfo	[no test files]
ok  	github.com/kvmukilan/livewire/internal/compare	0.068s	coverage: 2.0% of statements in ./...
ok  	github.com/kvmukilan/livewire/internal/dissect	0.158s	coverage: 1.8% of statements in ./...
ok  	github.com/kvmukilan/livewire/internal/edit	0.064s	coverage: 1.2% of statements in ./...
ok  	github.com/kvmukilan/livewire/internal/engine	0.138s	coverage: 7.4% of statements in ./...
ok  	github.com/kvmukilan/livewire/internal/evidence	0.105s	coverage: 0.8% of statements in ./...
	github.com/kvmukilan/livewire/internal/flow		coverage: 0.0% of statements
ok  	github.com/kvmukilan/livewire/internal/ftpreplay	1.392s	coverage: 6.5% of statements in ./...
ok  	github.com/kvmukilan/livewire/internal/hoststack	0.075s	coverage: 0.2% of statements in ./...
ok  	github.com/kvmukilan/livewire/internal/ipreasm	0.067s	coverage: 1.6% of statements in ./...
ok  	github.com/kvmukilan/livewire/internal/iterate	0.156s	coverage: 0.7% of statements in ./...
ok  	github.com/kvmukilan/livewire/internal/lab	1.122s	coverage: 6.6% of statements in ./...
ok  	github.com/kvmukilan/livewire/internal/livereplay	0.099s	coverage: 1.2% of statements in ./...
ok  	github.com/kvmukilan/livewire/internal/orchestration	0.151s	coverage: 0.5% of statements in ./...
ok  	github.com/kvmukilan/livewire/internal/pcapio	0.078s	coverage: 1.5% of statements in ./...
ok  	github.com/kvmukilan/livewire/internal/planexec	0.713s	coverage: 2.0% of statements in ./...
ok  	github.com/kvmukilan/livewire/internal/qualification	2.325s	coverage: 3.2% of statements in ./...
ok  	github.com/kvmukilan/livewire/internal/replay	3.709s	coverage: 9.8% of statements in ./...
ok  	github.com/kvmukilan/livewire/internal/replayintent	0.079s	coverage: 5.4% of statements in ./...
ok  	github.com/kvmukilan/livewire/internal/replaylab	5.518s	coverage: 7.7% of statements in ./...
ok  	github.com/kvmukilan/livewire/internal/runstate	0.592s	coverage: 1.1% of statements in ./...
ok  	github.com/kvmukilan/livewire/internal/runvars	0.065s	coverage: 0.3% of statements in ./...
ok  	github.com/kvmukilan/livewire/internal/secureexec	0.659s	coverage: 2.9% of statements in ./...
ok  	github.com/kvmukilan/livewire/internal/securefile	0.079s	coverage: 0.2% of statements in ./...
ok  	github.com/kvmukilan/livewire/internal/sshreplay	1.852s	coverage: 0.4% of statements in ./...
ok  	github.com/kvmukilan/livewire/internal/stateless	0.056s	coverage: 0.2% of statements in ./...
ok  	github.com/kvmukilan/livewire/internal/supportbundle	0.059s	coverage: 0.8% of statements in ./...
ok  	github.com/kvmukilan/livewire/internal/tlsreplay	3.656s	coverage: 5.6% of statements in ./...
ok  	github.com/kvmukilan/livewire/internal/tui	0.047s	coverage: 0.3% of statements in ./...
ok  	github.com/kvmukilan/livewire/internal/units	0.046s	coverage: 0.0% of statements in ./...
ok  	github.com/kvmukilan/livewire/internal/webui	1.334s	coverage: 15.8% of statements in ./...
ok  	github.com/kvmukilan/livewire/internal/wire	0.054s	coverage: 1.7% of statements in ./...
	github.com/kvmukilan/livewire/scripts/qualify		coverage: 0.0% of statements
	github.com/kvmukilan/livewire/scripts/replaylab		coverage: 0.0% of statements
	github.com/kvmukilan/livewire/scripts/task		coverage: 0.0% of statements
	github.com/kvmukilan/livewire/test/echoserver		coverage: 0.0% of statements
aggregate coverage: 67.8% (required 60%)
$ go test -coverprofile=coverage/pcapio.out ./internal/pcapio
ok  	github.com/kvmukilan/livewire/internal/pcapio	0.006s	coverage: 85.3% of statements
pcapio coverage: 85.3% (required 85%)
$ go test -coverprofile=coverage/webui.out ./internal/webui
ok  	github.com/kvmukilan/livewire/internal/webui	0.366s	coverage: 63.0% of statements
webui coverage: 63.0% (required 60%)
$ go test -coverprofile=coverage/cmd.out ./cmd/livewire
ok  	github.com/kvmukilan/livewire/cmd/livewire	2.818s	coverage: 48.8% of statements
cmd coverage: 48.8% (required 30%)
$ go test -coverprofile=coverage/backend.out ./internal/backend
ok  	github.com/kvmukilan/livewire/internal/backend	0.004s	coverage: 31.0% of statements
backend coverage: 31.0% (required 20%)
==> cover ok (20.525s)
