==> lint
$ go run golang.org/x/vuln/cmd/govulncheck@v1.7.0 ./...
=== Symbol Results ===

No vulnerabilities found.

Your code is affected by 0 vulnerabilities.
This scan also found 0 vulnerabilities in packages you import and 1
vulnerability in modules you require, but your code doesn't appear to call these
vulnerabilities.
Use '-show verbose' for more details.
$ go run honnef.co/go/tools/cmd/staticcheck@2026.2.1 ./...
$ go run github.com/securego/gosec/v2/cmd/gosec@v2.28.0 -severity high -confidence high -exclude-generated ./...
[gosec] 2026/09/30 02:07:32 Including rules: default
[gosec] 2026/09/30 02:07:32 Excluding rules: default
[gosec] 2026/09/30 02:07:32 Including analyzers: default
[gosec] 2026/09/30 02:07:32 Excluding analyzers: default
[gosec] 2026/09/30 02:07:33 Import directory: /tmp/livewire-v101-gates-99600ce/internal/wire
[gosec] 2026/09/30 02:07:33 Import directory: /tmp/livewire-v101-gates-99600ce/scripts/qualify
[gosec] 2026/09/30 02:07:33 Import directory: /tmp/livewire-v101-gates-99600ce/scripts/replaylab
[gosec] 2026/09/30 02:07:33 Import directory: /tmp/livewire-v101-gates-99600ce/internal/lab
[gosec] 2026/09/30 02:07:33 Import directory: /tmp/livewire-v101-gates-99600ce/internal/runvars
[gosec] 2026/09/30 02:07:33 Import directory: /tmp/livewire-v101-gates-99600ce/test/echoserver
[gosec] 2026/09/30 02:07:33 Import directory: /tmp/livewire-v101-gates-99600ce/internal/secureexec
[gosec] 2026/09/30 02:07:33 Import directory: /tmp/livewire-v101-gates-99600ce/internal/sshreplay
[gosec] 2026/09/30 02:07:33 Import directory: /tmp/livewire-v101-gates-99600ce/internal/orchestration
[gosec] 2026/09/30 02:07:33 Import directory: /tmp/livewire-v101-gates-99600ce/internal/securefile
[gosec] 2026/09/30 02:07:33 Import directory: /tmp/livewire-v101-gates-99600ce/internal/ipreasm
[gosec] 2026/09/30 02:07:33 Import directory: /tmp/livewire-v101-gates-99600ce/internal/iterate
[gosec] 2026/09/30 02:07:33 Import directory: /tmp/livewire-v101-gates-99600ce/internal/backend
[gosec] 2026/09/30 02:07:33 Import directory: /tmp/livewire-v101-gates-99600ce/internal/livereplay
[gosec] 2026/09/30 02:07:33 Import directory: /tmp/livewire-v101-gates-99600ce/internal/compare
[gosec] 2026/09/30 02:07:33 Import directory: /tmp/livewire-v101-gates-99600ce/internal/edit
[gosec] 2026/09/30 02:07:33 Checking package: edit
[gosec] 2026/09/30 02:07:33 Checking file: /tmp/livewire-v101-gates-99600ce/internal/edit/pipeline.go
[gosec] 2026/09/30 02:07:33 Checking package: runvars
[gosec] 2026/09/30 02:07:33 Checking file: /tmp/livewire-v101-gates-99600ce/internal/runvars/redactor.go
[gosec] 2026/09/30 02:07:33 Checking package: main
[gosec] 2026/09/30 02:07:33 Checking file: /tmp/livewire-v101-gates-99600ce/test/echoserver/main.go
[gosec] 2026/09/30 02:07:33 Checking package: iterate
[gosec] 2026/09/30 02:07:33 Checking file: /tmp/livewire-v101-gates-99600ce/internal/iterate/iterate.go
[gosec] 2026/09/30 02:07:33 Checking package: ipreasm
[gosec] 2026/09/30 02:07:33 Checking file: /tmp/livewire-v101-gates-99600ce/internal/ipreasm/ipreasm.go
[gosec] 2026/09/30 02:07:33 Checking package: securefile
[gosec] 2026/09/30 02:07:33 Checking file: /tmp/livewire-v101-gates-99600ce/internal/securefile/atomic.go
[gosec] 2026/09/30 02:07:33 Checking file: /tmp/livewire-v101-gates-99600ce/internal/runvars/runvars.go
[gosec] 2026/09/30 02:07:33 Checking package: orchestration
[gosec] 2026/09/30 02:07:33 Import directory: /tmp/livewire-v101-gates-99600ce/internal/engine
[gosec] 2026/09/30 02:07:33 Checking file: /tmp/livewire-v101-gates-99600ce/internal/orchestration/orchestration.go
[gosec] 2026/09/30 02:07:33 Checking package: main
[gosec] 2026/09/30 02:07:33 Checking file: /tmp/livewire-v101-gates-99600ce/internal/orchestration/workers.go
[gosec] 2026/09/30 02:07:33 Import directory: /tmp/livewire-v101-gates-99600ce/internal/webui
[gosec] 2026/09/30 02:07:33 Checking file: /tmp/livewire-v101-gates-99600ce/scripts/qualify/main.go
[gosec] 2026/09/30 02:07:33 Import directory: /tmp/livewire-v101-gates-99600ce/internal/adapters
[gosec] 2026/09/30 02:07:33 Import directory: /tmp/livewire-v101-gates-99600ce/internal/dissect
[gosec] 2026/09/30 02:07:33 Import directory: /tmp/livewire-v101-gates-99600ce/internal/evidence
[gosec] 2026/09/30 02:07:33 Import directory: /tmp/livewire-v101-gates-99600ce/cmd/livewire
[gosec] 2026/09/30 02:07:33 Import directory: /tmp/livewire-v101-gates-99600ce/internal/hoststack
[gosec] 2026/09/30 02:07:33 Checking package: wire
[gosec] 2026/09/30 02:07:33 Checking file: /tmp/livewire-v101-gates-99600ce/internal/wire/checksum.go
[gosec] 2026/09/30 02:07:33 Checking file: /tmp/livewire-v101-gates-99600ce/internal/wire/edit.go
[gosec] 2026/09/30 02:07:33 Import directory: /tmp/livewire-v101-gates-99600ce/internal/planexec
[gosec] 2026/09/30 02:07:33 Checking file: /tmp/livewire-v101-gates-99600ce/internal/wire/frag.go
[gosec] 2026/09/30 02:07:33 Checking file: /tmp/livewire-v101-gates-99600ce/internal/wire/fragment_edit.go
[gosec] 2026/09/30 02:07:33 Checking file: /tmp/livewire-v101-gates-99600ce/internal/wire/optedit.go
[gosec] 2026/09/30 02:07:33 Checking file: /tmp/livewire-v101-gates-99600ce/internal/wire/options.go
[gosec] 2026/09/30 02:07:33 Checking file: /tmp/livewire-v101-gates-99600ce/internal/wire/reseg.go
[gosec] 2026/09/30 02:07:33 Checking file: /tmp/livewire-v101-gates-99600ce/internal/wire/vlan.go
[gosec] 2026/09/30 02:07:33 Checking file: /tmp/livewire-v101-gates-99600ce/internal/wire/wire.go
[gosec] 2026/09/30 02:07:33 Checking package: livereplay
[gosec] 2026/09/30 02:07:33 Checking package: main
[gosec] 2026/09/30 02:07:33 Checking file: /tmp/livewire-v101-gates-99600ce/internal/livereplay/livereplay.go
[gosec] 2026/09/30 02:07:33 Checking file: /tmp/livewire-v101-gates-99600ce/scripts/replaylab/main.go
[gosec] 2026/09/30 02:07:33 Checking file: /tmp/livewire-v101-gates-99600ce/internal/livereplay/trace.go
[gosec] 2026/09/30 02:07:33 Import directory: /tmp/livewire-v101-gates-99600ce/scripts
[gosec] 2026/09/30 02:07:33 Import directory: /tmp/livewire-v101-gates-99600ce/scripts/task
[gosec] 2026/09/30 02:07:33 Checking package: sshreplay
[gosec] 2026/09/30 02:07:33 Checking package: compare
[gosec] 2026/09/30 02:07:33 Checking file: /tmp/livewire-v101-gates-99600ce/internal/compare/compare.go
[gosec] 2026/09/30 02:07:33 Import directory: /tmp/livewire-v101-gates-99600ce/internal/flow
[gosec] 2026/09/30 02:07:33 Checking file: /tmp/livewire-v101-gates-99600ce/internal/sshreplay/reterminate.go
[gosec] 2026/09/30 02:07:33 Import directory: /tmp/livewire-v101-gates-99600ce/internal/pcapio
[gosec] 2026/09/30 02:07:33 Import directory: /tmp/livewire-v101-gates-99600ce/internal/stateless
[gosec] 2026/09/30 02:07:33 Import directory: /tmp/livewire-v101-gates-99600ce/internal/supportbundle
[gosec] 2026/09/30 02:07:33 Checking package: backend
[gosec] 2026/09/30 02:07:33 Checking file: /tmp/livewire-v101-gates-99600ce/internal/backend/afpacket_linux.go
[gosec] 2026/09/30 02:07:34 Checking file: /tmp/livewire-v101-gates-99600ce/internal/backend/arp_linux.go
[gosec] 2026/09/30 02:07:34 Checking file: /tmp/livewire-v101-gates-99600ce/internal/backend/backend.go
[gosec] 2026/09/30 02:07:34 Checking file: /tmp/livewire-v101-gates-99600ce/internal/backend/mac_rewrite.go
[gosec] 2026/09/30 02:07:34 Checking file: /tmp/livewire-v101-gates-99600ce/internal/backend/mock.go
[gosec] 2026/09/30 02:07:34 Checking file: /tmp/livewire-v101-gates-99600ce/internal/backend/ndp.go
[gosec] 2026/09/30 02:07:34 Checking file: /tmp/livewire-v101-gates-99600ce/internal/backend/ndp_linux.go
[gosec] 2026/09/30 02:07:34 Checking file: /tmp/livewire-v101-gates-99600ce/internal/backend/neighbor_linux.go
[gosec] 2026/09/30 02:07:34 Checking file: /tmp/livewire-v101-gates-99600ce/internal/backend/open.go
[gosec] 2026/09/30 02:07:34 Checking file: /tmp/livewire-v101-gates-99600ce/internal/backend/open_linux.go
[gosec] 2026/09/30 02:07:34 Checking file: /tmp/livewire-v101-gates-99600ce/internal/backend/tuple_rewrite.go
[gosec] 2026/09/30 02:07:34 Import directory: /tmp/livewire-v101-gates-99600ce/internal/buildinfo
[gosec] 2026/09/30 02:07:34 Checking package: secureexec
[gosec] 2026/09/30 02:07:34 Checking file: /tmp/livewire-v101-gates-99600ce/internal/secureexec/execute.go
[gosec] 2026/09/30 02:07:34 Checking file: /tmp/livewire-v101-gates-99600ce/internal/secureexec/outcome.go
[gosec] 2026/09/30 02:07:34 Checking file: /tmp/livewire-v101-gates-99600ce/internal/secureexec/tls_script.go
[gosec] 2026/09/30 02:07:34 Import directory: /tmp/livewire-v101-gates-99600ce/internal/ftpreplay
[gosec] 2026/09/30 02:07:34 Checking package: lab
[gosec] 2026/09/30 02:07:34 Checking file: /tmp/livewire-v101-gates-99600ce/internal/lab/plan.go
[gosec] 2026/09/30 02:07:34 Checking file: /tmp/livewire-v101-gates-99600ce/internal/lab/runner.go
[gosec] 2026/09/30 02:07:34 Checking file: /tmp/livewire-v101-gates-99600ce/internal/lab/scenario.go
[gosec] 2026/09/30 02:07:34 Checking file: /tmp/livewire-v101-gates-99600ce/internal/lab/schedule.go
[gosec] 2026/09/30 02:07:34 Checking file: /tmp/livewire-v101-gates-99600ce/internal/lab/simulator.go
[gosec] 2026/09/30 02:07:34 Checking file: /tmp/livewire-v101-gates-99600ce/internal/lab/topology.go
[gosec] 2026/09/30 02:07:34 Import directory: /tmp/livewire-v101-gates-99600ce/internal/replay
[gosec] 2026/09/30 02:07:34 Checking package: buildinfo
[gosec] 2026/09/30 02:07:34 Checking file: /tmp/livewire-v101-gates-99600ce/internal/buildinfo/buildinfo.go
[gosec] 2026/09/30 02:07:34 Import directory: /tmp/livewire-v101-gates-99600ce/internal/replaylab
[gosec] 2026/09/30 02:07:34 Checking package: flow
[gosec] 2026/09/30 02:07:34 Checking file: /tmp/livewire-v101-gates-99600ce/internal/flow/key.go
[gosec] 2026/09/30 02:07:34 Import directory: /tmp/livewire-v101-gates-99600ce/internal/runstate
[gosec] 2026/09/30 02:07:34 Checking package: hoststack
[gosec] 2026/09/30 02:07:34 Checking file: /tmp/livewire-v101-gates-99600ce/internal/hoststack/reconcile_linux.go
[gosec] 2026/09/30 02:07:34 Checking file: /tmp/livewire-v101-gates-99600ce/internal/hoststack/rst_linux.go
[gosec] 2026/09/30 02:07:34 Checking file: /tmp/livewire-v101-gates-99600ce/internal/hoststack/suppressor.go
[gosec] 2026/09/30 02:07:34 Checking package: stateless
[gosec] 2026/09/30 02:07:34 Checking file: /tmp/livewire-v101-gates-99600ce/internal/stateless/rate.go
[gosec] 2026/09/30 02:07:34 Import directory: /tmp/livewire-v101-gates-99600ce/internal/tlsreplay
[gosec] 2026/09/30 02:07:34 Import directory: /tmp/livewire-v101-gates-99600ce/internal/tui
[gosec] 2026/09/30 02:07:34 Checking package: evidence
[gosec] 2026/09/30 02:07:34 Checking file: /tmp/livewire-v101-gates-99600ce/internal/evidence/stream.go
[gosec] 2026/09/30 02:07:34 Import directory: /tmp/livewire-v101-gates-99600ce/internal/units
[gosec] 2026/09/30 02:07:34 Checking package: supportbundle
[gosec] 2026/09/30 02:07:34 Checking file: /tmp/livewire-v101-gates-99600ce/internal/supportbundle/bundle.go
[gosec] 2026/09/30 02:07:34 Checking package: pcapio
[gosec] 2026/09/30 02:07:34 Checking file: /tmp/livewire-v101-gates-99600ce/internal/pcapio/limits.go
[gosec] 2026/09/30 02:07:34 Import directory: /tmp/livewire-v101-gates-99600ce/internal/qualification
[gosec] 2026/09/30 02:07:34 Checking file: /tmp/livewire-v101-gates-99600ce/internal/pcapio/pcap.go
[gosec] 2026/09/30 02:07:34 Checking file: /tmp/livewire-v101-gates-99600ce/internal/pcapio/pcapio.go
[gosec] 2026/09/30 02:07:34 Checking file: /tmp/livewire-v101-gates-99600ce/internal/pcapio/pcapng.go
[gosec] 2026/09/30 02:07:34 Checking file: /tmp/livewire-v101-gates-99600ce/internal/pcapio/pcapng_writer.go
[gosec] 2026/09/30 02:07:34 Checking package: dissect
[gosec] 2026/09/30 02:07:34 Checking file: /tmp/livewire-v101-gates-99600ce/internal/dissect/crypto_guard.go
[gosec] 2026/09/30 02:07:34 Checking file: /tmp/livewire-v101-gates-99600ce/internal/dissect/dnp3.go
[gosec] 2026/09/30 02:07:34 Checking file: /tmp/livewire-v101-gates-99600ce/internal/dissect/dnp3_assembly.go
[gosec] 2026/09/30 02:07:34 Checking file: /tmp/livewire-v101-gates-99600ce/internal/dissect/dnp3_objects.go
[gosec] 2026/09/30 02:07:34 Checking file: /tmp/livewire-v101-gates-99600ce/internal/dissect/modbus.go
[gosec] 2026/09/30 02:07:34 Checking file: /tmp/livewire-v101-gates-99600ce/internal/dissect/tls.go
[gosec] 2026/09/30 02:07:34 Import directory: /tmp/livewire-v101-gates-99600ce/internal/replayintent
[gosec] 2026/09/30 02:07:34 Checking package: planexec
[gosec] 2026/09/30 02:07:34 Checking file: /tmp/livewire-v101-gates-99600ce/internal/planexec/planexec.go
[gosec] 2026/09/30 02:07:34 Checking file: /tmp/livewire-v101-gates-99600ce/internal/planexec/wire.go
[gosec] 2026/09/30 02:07:34 Checking package: main
[gosec] 2026/09/30 02:07:34 Checking file: /tmp/livewire-v101-gates-99600ce/scripts/task/compare.go
[gosec] 2026/09/30 02:07:34 Checking file: /tmp/livewire-v101-gates-99600ce/scripts/task/main.go
[gosec] 2026/09/30 02:07:35 Checking package: engine
[gosec] 2026/09/30 02:07:35 Checking file: /tmp/livewire-v101-gates-99600ce/internal/engine/conversation.go
[gosec] 2026/09/30 02:07:35 Checking file: /tmp/livewire-v101-gates-99600ce/internal/engine/driver.go
[gosec] 2026/09/30 02:07:35 Checking file: /tmp/livewire-v101-gates-99600ce/internal/engine/dryrun.go
[gosec] 2026/09/30 02:07:35 Checking file: /tmp/livewire-v101-gates-99600ce/internal/engine/flow.go
[gosec] 2026/09/30 02:07:35 Checking file: /tmp/livewire-v101-gates-99600ce/internal/engine/peer.go
[gosec] 2026/09/30 02:07:35 Checking file: /tmp/livewire-v101-gates-99600ce/internal/engine/receive.go
[gosec] 2026/09/30 02:07:35 Checking file: /tmp/livewire-v101-gates-99600ce/internal/engine/respverify.go
[gosec] 2026/09/30 02:07:35 Checking file: /tmp/livewire-v101-gates-99600ce/internal/engine/sender.go
[gosec] 2026/09/30 02:07:35 Checking package: ftpreplay
[gosec] 2026/09/30 02:07:35 Checking file: /tmp/livewire-v101-gates-99600ce/internal/ftpreplay/cancel.go
[gosec] 2026/09/30 02:07:35 Checking file: /tmp/livewire-v101-gates-99600ce/internal/ftpreplay/group.go
[gosec] 2026/09/30 02:07:35 Checking file: /tmp/livewire-v101-gates-99600ce/internal/ftpreplay/plaintext.go
[gosec] 2026/09/30 02:07:35 Checking file: /tmp/livewire-v101-gates-99600ce/internal/engine/session.go
[gosec] 2026/09/30 02:07:35 Checking file: /tmp/livewire-v101-gates-99600ce/internal/ftpreplay/runner.go
[gosec] 2026/09/30 02:07:35 Checking file: /tmp/livewire-v101-gates-99600ce/internal/engine/synth.go
[gosec] 2026/09/30 02:07:35 Checking file: /tmp/livewire-v101-gates-99600ce/internal/ftpreplay/script.go
[gosec] 2026/09/30 02:07:35 Checking file: /tmp/livewire-v101-gates-99600ce/internal/engine/verify.go
[gosec] 2026/09/30 02:07:35 Checking package: adapters
[gosec] 2026/09/30 02:07:35 Checking file: /tmp/livewire-v101-gates-99600ce/internal/adapters/crypto.go
[gosec] 2026/09/30 02:07:35 Checking file: /tmp/livewire-v101-gates-99600ce/internal/adapters/dnp3_messages.go
[gosec] 2026/09/30 02:07:35 Checking file: /tmp/livewire-v101-gates-99600ce/internal/adapters/dnp3_state.go
[gosec] 2026/09/30 02:07:35 Checking file: /tmp/livewire-v101-gates-99600ce/internal/adapters/dns.go
[gosec] 2026/09/30 02:07:35 Checking file: /tmp/livewire-v101-gates-99600ce/internal/adapters/ftp.go
[gosec] 2026/09/30 02:07:35 Checking package: webui
[gosec] 2026/09/30 02:07:35 Checking file: /tmp/livewire-v101-gates-99600ce/internal/webui/embed.go
[gosec] 2026/09/30 02:07:35 Checking file: /tmp/livewire-v101-gates-99600ce/internal/webui/flows.go
[gosec] 2026/09/30 02:07:35 Checking file: /tmp/livewire-v101-gates-99600ce/internal/webui/ftp.go
[gosec] 2026/09/30 02:07:35 Checking file: /tmp/livewire-v101-gates-99600ce/internal/webui/ifaces_other.go
[gosec] 2026/09/30 02:07:35 Checking file: /tmp/livewire-v101-gates-99600ce/internal/webui/jobs.go
[gosec] 2026/09/30 02:07:35 Checking file: /tmp/livewire-v101-gates-99600ce/internal/adapters/helpers.go
[gosec] 2026/09/30 02:07:35 Checking file: /tmp/livewire-v101-gates-99600ce/internal/webui/platform.go
[gosec] 2026/09/30 02:07:35 Checking file: /tmp/livewire-v101-gates-99600ce/internal/adapters/http.go
[gosec] 2026/09/30 02:07:35 Checking file: /tmp/livewire-v101-gates-99600ce/internal/webui/rstrule.go
[gosec] 2026/09/30 02:07:35 Checking file: /tmp/livewire-v101-gates-99600ce/internal/webui/run_evidence.go
[gosec] 2026/09/30 02:07:35 Checking file: /tmp/livewire-v101-gates-99600ce/internal/webui/runs.go
[gosec] 2026/09/30 02:07:35 Checking file: /tmp/livewire-v101-gates-99600ce/internal/adapters/http_policy.go
[gosec] 2026/09/30 02:07:35 Checking file: /tmp/livewire-v101-gates-99600ce/internal/adapters/incremental.go
[gosec] 2026/09/30 02:07:35 Checking file: /tmp/livewire-v101-gates-99600ce/internal/adapters/industrial.go
[gosec] 2026/09/30 02:07:35 Checking file: /tmp/livewire-v101-gates-99600ce/internal/webui/secure_run.go
[gosec] 2026/09/30 02:07:35 Checking file: /tmp/livewire-v101-gates-99600ce/internal/webui/ssh_on.go
[gosec] 2026/09/30 02:07:35 Checking file: /tmp/livewire-v101-gates-99600ce/internal/webui/webui.go
[gosec] 2026/09/30 02:07:35 Checking file: /tmp/livewire-v101-gates-99600ce/internal/adapters/live_events.go
[gosec] 2026/09/30 02:07:35 Checking file: /tmp/livewire-v101-gates-99600ce/internal/adapters/mqtt.go
[gosec] 2026/09/30 02:07:35 Checking file: /tmp/livewire-v101-gates-99600ce/internal/adapters/mqtt5.go
[gosec] 2026/09/30 02:07:35 Checking file: /tmp/livewire-v101-gates-99600ce/internal/adapters/mqtt_maintenance.go
[gosec] 2026/09/30 02:07:35 Checking file: /tmp/livewire-v101-gates-99600ce/internal/adapters/mqtt_state.go
[gosec] 2026/09/30 02:07:35 Checking file: /tmp/livewire-v101-gates-99600ce/internal/adapters/recovery.go
[gosec] 2026/09/30 02:07:35 Checking file: /tmp/livewire-v101-gates-99600ce/internal/adapters/registry.go
[gosec] 2026/09/30 02:07:35 Checking file: /tmp/livewire-v101-gates-99600ce/internal/adapters/rules.go
[gosec] 2026/09/30 02:07:35 Checking package: units
[gosec] 2026/09/30 02:07:35 Checking file: /tmp/livewire-v101-gates-99600ce/internal/units/seq.go
[gosec] 2026/09/30 02:07:35 Checking package: replay
[gosec] 2026/09/30 02:07:35 Checking file: /tmp/livewire-v101-gates-99600ce/internal/replay/adapter.go
[gosec] 2026/09/30 02:07:35 Checking file: /tmp/livewire-v101-gates-99600ce/internal/replay/blockers.go
[gosec] 2026/09/30 02:07:35 Checking file: /tmp/livewire-v101-gates-99600ce/internal/replay/correlation.go
[gosec] 2026/09/30 02:07:35 Checking file: /tmp/livewire-v101-gates-99600ce/internal/replay/datagram.go
[gosec] 2026/09/30 02:07:35 Checking file: /tmp/livewire-v101-gates-99600ce/internal/replay/evidence.go
[gosec] 2026/09/30 02:07:35 Checking file: /tmp/livewire-v101-gates-99600ce/internal/replay/execution.go
[gosec] 2026/09/30 02:07:35 Checking file: /tmp/livewire-v101-gates-99600ce/internal/replay/fingerprint.go
[gosec] 2026/09/30 02:07:35 Checking file: /tmp/livewire-v101-gates-99600ce/internal/replay/maintenance.go
[gosec] 2026/09/30 02:07:35 Checking file: /tmp/livewire-v101-gates-99600ce/internal/replay/model.go
[gosec] 2026/09/30 02:07:35 Checking file: /tmp/livewire-v101-gates-99600ce/internal/replay/plan.go
[gosec] 2026/09/30 02:07:35 Checking file: /tmp/livewire-v101-gates-99600ce/internal/replay/reader.go
[gosec] 2026/09/30 02:07:35 Checking file: /tmp/livewire-v101-gates-99600ce/internal/replay/recovery_probe.go
[gosec] 2026/09/30 02:07:35 Checking file: /tmp/livewire-v101-gates-99600ce/internal/replay/response_error.go
[gosec] 2026/09/30 02:07:35 Checking file: /tmp/livewire-v101-gates-99600ce/internal/replay/runtime.go
[gosec] 2026/09/30 02:07:35 Checking file: /tmp/livewire-v101-gates-99600ce/internal/replay/scenario.go
[gosec] 2026/09/30 02:07:35 Checking file: /tmp/livewire-v101-gates-99600ce/internal/replay/status.go
[gosec] 2026/09/30 02:07:35 Checking file: /tmp/livewire-v101-gates-99600ce/internal/replay/tcp_semantic.go
[gosec] 2026/09/30 02:07:35 Checking file: /tmp/livewire-v101-gates-99600ce/internal/replay/tcp_stream.go
[gosec] 2026/09/30 02:07:35 Checking file: /tmp/livewire-v101-gates-99600ce/internal/replay/timing.go
[gosec] 2026/09/30 02:07:35 Checking file: /tmp/livewire-v101-gates-99600ce/internal/replay/trace.go
[gosec] 2026/09/30 02:07:35 Checking file: /tmp/livewire-v101-gates-99600ce/internal/replay/transport.go
[gosec] 2026/09/30 02:07:35 Checking package: tui
[gosec] 2026/09/30 02:07:35 Checking file: /tmp/livewire-v101-gates-99600ce/internal/tui/dashboard.go
[gosec] 2026/09/30 02:07:35 Checking package: runstate
[gosec] 2026/09/30 02:07:35 Checking file: /tmp/livewire-v101-gates-99600ce/internal/runstate/lock_other.go
[gosec] 2026/09/30 02:07:35 Checking file: /tmp/livewire-v101-gates-99600ce/internal/runstate/store.go
[gosec] 2026/09/30 02:07:35 Checking package: main
[gosec] 2026/09/30 02:07:35 Checking file: /tmp/livewire-v101-gates-99600ce/cmd/livewire/analyze.go
[gosec] 2026/09/30 02:07:35 Checking file: /tmp/livewire-v101-gates-99600ce/cmd/livewire/artifacts.go
[gosec] 2026/09/30 02:07:35 Checking file: /tmp/livewire-v101-gates-99600ce/cmd/livewire/bundle.go
[gosec] 2026/09/30 02:07:35 Checking file: /tmp/livewire-v101-gates-99600ce/cmd/livewire/capio.go
[gosec] 2026/09/30 02:07:35 Checking file: /tmp/livewire-v101-gates-99600ce/cmd/livewire/capture.go
[gosec] 2026/09/30 02:07:35 Checking file: /tmp/livewire-v101-gates-99600ce/cmd/livewire/check.go
[gosec] 2026/09/30 02:07:35 Checking file: /tmp/livewire-v101-gates-99600ce/cmd/livewire/compare.go
[gosec] 2026/09/30 02:07:35 Checking file: /tmp/livewire-v101-gates-99600ce/cmd/livewire/convert.go
[gosec] 2026/09/30 02:07:35 Checking file: /tmp/livewire-v101-gates-99600ce/cmd/livewire/coverage.go
[gosec] 2026/09/30 02:07:35 Checking file: /tmp/livewire-v101-gates-99600ce/cmd/livewire/devs_other.go
[gosec] 2026/09/30 02:07:35 Checking file: /tmp/livewire-v101-gates-99600ce/cmd/livewire/doctor.go
[gosec] 2026/09/30 02:07:35 Checking file: /tmp/livewire-v101-gates-99600ce/cmd/livewire/doctor_linux.go
[gosec] 2026/09/30 02:07:35 Checking file: /tmp/livewire-v101-gates-99600ce/cmd/livewire/execution_flags.go
[gosec] 2026/09/30 02:07:35 Checking file: /tmp/livewire-v101-gates-99600ce/cmd/livewire/fault_expectation.go
[gosec] 2026/09/30 02:07:35 Checking file: /tmp/livewire-v101-gates-99600ce/cmd/livewire/fidelity.go
[gosec] 2026/09/30 02:07:35 Checking package: tlsreplay
[gosec] 2026/09/30 02:07:35 Checking file: /tmp/livewire-v101-gates-99600ce/internal/tlsreplay/decrypt.go
[gosec] 2026/09/30 02:07:35 Checking file: /tmp/livewire-v101-gates-99600ce/cmd/livewire/flags.go
[gosec] 2026/09/30 02:07:35 Checking file: /tmp/livewire-v101-gates-99600ce/cmd/livewire/ftp_cmd.go
[gosec] 2026/09/30 02:07:35 Checking file: /tmp/livewire-v101-gates-99600ce/internal/tlsreplay/kdf.go
[gosec] 2026/09/30 02:07:35 Checking file: /tmp/livewire-v101-gates-99600ce/internal/tlsreplay/keylog.go
[gosec] 2026/09/30 02:07:35 Checking file: /tmp/livewire-v101-gates-99600ce/internal/tlsreplay/records.go
[gosec] 2026/09/30 02:07:35 Checking file: /tmp/livewire-v101-gates-99600ce/cmd/livewire/help.go
[gosec] 2026/09/30 02:07:35 Checking file: /tmp/livewire-v101-gates-99600ce/internal/tlsreplay/reterminate.go
[gosec] 2026/09/30 02:07:35 Checking file: /tmp/livewire-v101-gates-99600ce/cmd/livewire/ifaces.go
[gosec] 2026/09/30 02:07:35 Checking file: /tmp/livewire-v101-gates-99600ce/internal/tlsreplay/script.go
[gosec] 2026/09/30 02:07:35 Checking file: /tmp/livewire-v101-gates-99600ce/cmd/livewire/info.go
[gosec] 2026/09/30 02:07:35 Checking file: /tmp/livewire-v101-gates-99600ce/cmd/livewire/lab.go
[gosec] 2026/09/30 02:07:35 Checking file: /tmp/livewire-v101-gates-99600ce/cmd/livewire/live.go
[gosec] 2026/09/30 02:07:35 Checking file: /tmp/livewire-v101-gates-99600ce/cmd/livewire/live_real.go
[gosec] 2026/09/30 02:07:35 Checking package: qualification
[gosec] 2026/09/30 02:07:35 Checking file: /tmp/livewire-v101-gates-99600ce/internal/qualification/lab.go
[gosec] 2026/09/30 02:07:35 Checking file: /tmp/livewire-v101-gates-99600ce/cmd/livewire/main.go
[gosec] 2026/09/30 02:07:35 Checking file: /tmp/livewire-v101-gates-99600ce/internal/qualification/lab_stateless.go
[gosec] 2026/09/30 02:07:35 Checking file: /tmp/livewire-v101-gates-99600ce/internal/qualification/lab_transcript.go
[gosec] 2026/09/30 02:07:35 Checking file: /tmp/livewire-v101-gates-99600ce/internal/qualification/qualification.go
[gosec] 2026/09/30 02:07:35 Checking package: replayintent
[gosec] 2026/09/30 02:07:35 Checking file: /tmp/livewire-v101-gates-99600ce/cmd/livewire/plan_run.go
[gosec] 2026/09/30 02:07:35 Checking file: /tmp/livewire-v101-gates-99600ce/internal/replayintent/ftp.go
[gosec] 2026/09/30 02:07:35 Checking file: /tmp/livewire-v101-gates-99600ce/cmd/livewire/preflight.go
[gosec] 2026/09/30 02:07:35 Checking file: /tmp/livewire-v101-gates-99600ce/internal/replayintent/inspect.go
[gosec] 2026/09/30 02:07:35 Checking file: /tmp/livewire-v101-gates-99600ce/cmd/livewire/protocol_orchestrator.go
[gosec] 2026/09/30 02:07:35 Checking file: /tmp/livewire-v101-gates-99600ce/internal/replayintent/lab.go
[gosec] 2026/09/30 02:07:35 Checking file: /tmp/livewire-v101-gates-99600ce/internal/qualification/rss_linux.go
[gosec] 2026/09/30 02:07:35 Checking file: /tmp/livewire-v101-gates-99600ce/internal/replayintent/route.go
[gosec] 2026/09/30 02:07:35 Checking file: /tmp/livewire-v101-gates-99600ce/cmd/livewire/recovery.go
[gosec] 2026/09/30 02:07:35 Checking file: /tmp/livewire-v101-gates-99600ce/cmd/livewire/replay.go
[gosec] 2026/09/30 02:07:35 Checking file: /tmp/livewire-v101-gates-99600ce/cmd/livewire/report.go
[gosec] 2026/09/30 02:07:35 Checking file: /tmp/livewire-v101-gates-99600ce/cmd/livewire/reproduce.go
[gosec] 2026/09/30 02:07:35 Checking file: /tmp/livewire-v101-gates-99600ce/cmd/livewire/resume_identity.go
[gosec] 2026/09/30 02:07:35 Checking file: /tmp/livewire-v101-gates-99600ce/cmd/livewire/retermination_report.go
[gosec] 2026/09/30 02:07:35 Checking file: /tmp/livewire-v101-gates-99600ce/cmd/livewire/rewrite.go
[gosec] 2026/09/30 02:07:35 Checking file: /tmp/livewire-v101-gates-99600ce/cmd/livewire/rstdrop.go
[gosec] 2026/09/30 02:07:35 Checking file: /tmp/livewire-v101-gates-99600ce/cmd/livewire/ssh_cmd.go
[gosec] 2026/09/30 02:07:35 Checking file: /tmp/livewire-v101-gates-99600ce/cmd/livewire/tls_cmd.go
[gosec] 2026/09/30 02:07:35 Checking file: /tmp/livewire-v101-gates-99600ce/cmd/livewire/unified_help.go
[gosec] 2026/09/30 02:07:35 Checking file: /tmp/livewire-v101-gates-99600ce/cmd/livewire/validation.go
[gosec] 2026/09/30 02:07:35 Checking file: /tmp/livewire-v101-gates-99600ce/cmd/livewire/variables.go
[gosec] 2026/09/30 02:07:35 Checking file: /tmp/livewire-v101-gates-99600ce/cmd/livewire/verdict.go
[gosec] 2026/09/30 02:07:35 Checking file: /tmp/livewire-v101-gates-99600ce/cmd/livewire/web.go
[gosec] 2026/09/30 02:07:35 Checking package: replaylab
[gosec] 2026/09/30 02:07:35 Checking file: /tmp/livewire-v101-gates-99600ce/internal/replaylab/capture.go
[gosec] 2026/09/30 02:07:35 Checking file: /tmp/livewire-v101-gates-99600ce/internal/replaylab/case.go
[gosec] 2026/09/30 02:07:35 Checking file: /tmp/livewire-v101-gates-99600ce/internal/replaylab/cases_dnp3.go
[gosec] 2026/09/30 02:07:35 Checking file: /tmp/livewire-v101-gates-99600ce/internal/replaylab/cases_ftp.go
[gosec] 2026/09/30 02:07:35 Checking file: /tmp/livewire-v101-gates-99600ce/internal/replaylab/cases_mqtt.go
[gosec] 2026/09/30 02:07:35 Checking file: /tmp/livewire-v101-gates-99600ce/internal/replaylab/cases_ssh.go
[gosec] 2026/09/30 02:07:35 Checking file: /tmp/livewire-v101-gates-99600ce/internal/replaylab/cases_stream.go
[gosec] 2026/09/30 02:07:35 Checking file: /tmp/livewire-v101-gates-99600ce/internal/replaylab/run.go
[gosec] 2026/09/30 02:07:35 Checking file: /tmp/livewire-v101-gates-99600ce/internal/replaylab/stream.go
Results:


[1;36mSummary:[0m
  Gosec  : dev
  Files  : 204
  Lines  : 38266
  Nosec  : 14
  Issues : [1;32m0[0m

==> lint ok (11.334s)
