==> race
$ go test -race -count=1 ./...
ok  	github.com/kvmukilan/livewire/cmd/livewire	5.192s
ok  	github.com/kvmukilan/livewire/internal/adapters	1.236s
ok  	github.com/kvmukilan/livewire/internal/backend	1.054s
?   	github.com/kvmukilan/livewire/internal/buildinfo	[no test files]
ok  	github.com/kvmukilan/livewire/internal/compare	1.056s
ok  	github.com/kvmukilan/livewire/internal/dissect	1.137s
ok  	github.com/kvmukilan/livewire/internal/edit	1.033s
ok  	github.com/kvmukilan/livewire/internal/engine	1.092s
ok  	github.com/kvmukilan/livewire/internal/evidence	1.049s
?   	github.com/kvmukilan/livewire/internal/flow	[no test files]
ok  	github.com/kvmukilan/livewire/internal/ftpreplay	1.671s
ok  	github.com/kvmukilan/livewire/internal/hoststack	1.030s
ok  	github.com/kvmukilan/livewire/internal/ipreasm	1.037s
ok  	github.com/kvmukilan/livewire/internal/iterate	1.114s
ok  	github.com/kvmukilan/livewire/internal/lab	2.103s
ok  	github.com/kvmukilan/livewire/internal/livereplay	1.026s
ok  	github.com/kvmukilan/livewire/internal/orchestration	1.073s
ok  	github.com/kvmukilan/livewire/internal/pcapio	1.036s
ok  	github.com/kvmukilan/livewire/internal/planexec	1.592s
ok  	github.com/kvmukilan/livewire/internal/qualification	5.866s
ok  	github.com/kvmukilan/livewire/internal/replay	4.594s
ok  	github.com/kvmukilan/livewire/internal/replayintent	1.041s
ok  	github.com/kvmukilan/livewire/internal/replaylab	6.771s
ok  	github.com/kvmukilan/livewire/internal/runstate	1.560s
ok  	github.com/kvmukilan/livewire/internal/runvars	1.029s
ok  	github.com/kvmukilan/livewire/internal/secureexec	1.497s
ok  	github.com/kvmukilan/livewire/internal/securefile	1.050s
ok  	github.com/kvmukilan/livewire/internal/sshreplay	2.639s
ok  	github.com/kvmukilan/livewire/internal/stateless	1.025s
ok  	github.com/kvmukilan/livewire/internal/supportbundle	1.041s
ok  	github.com/kvmukilan/livewire/internal/tlsreplay	4.179s
ok  	github.com/kvmukilan/livewire/internal/tui	1.019s
ok  	github.com/kvmukilan/livewire/internal/units	1.018s
ok  	github.com/kvmukilan/livewire/internal/webui	1.784s
ok  	github.com/kvmukilan/livewire/internal/wire	1.023s
?   	github.com/kvmukilan/livewire/scripts/qualify	[no test files]
?   	github.com/kvmukilan/livewire/scripts/replaylab	[no test files]
?   	github.com/kvmukilan/livewire/scripts/task	[no test files]
?   	github.com/kvmukilan/livewire/test/echoserver	[no test files]
==> race ok (14.205s)
