Fetching vulnerabilities from the database...

Checking the code against the vulnerabilities...

The package pattern matched the following 39 root packages:
  github.com/kvmukilan/livewire/internal/dissect
  github.com/kvmukilan/livewire/internal/units
  github.com/kvmukilan/livewire/internal/wire
  github.com/kvmukilan/livewire/internal/backend
  github.com/kvmukilan/livewire/internal/flow
  github.com/kvmukilan/livewire/internal/ipreasm
  github.com/kvmukilan/livewire/internal/pcapio
  github.com/kvmukilan/livewire/internal/securefile
  github.com/kvmukilan/livewire/internal/runstate
  github.com/kvmukilan/livewire/internal/replay
  github.com/kvmukilan/livewire/internal/adapters
  github.com/kvmukilan/livewire/internal/buildinfo
  github.com/kvmukilan/livewire/internal/compare
  github.com/kvmukilan/livewire/internal/edit
  github.com/kvmukilan/livewire/internal/engine
  github.com/kvmukilan/livewire/internal/evidence
  github.com/kvmukilan/livewire/internal/tlsreplay
  github.com/kvmukilan/livewire/internal/ftpreplay
  github.com/kvmukilan/livewire/internal/hoststack
  github.com/kvmukilan/livewire/internal/iterate
  github.com/kvmukilan/livewire/internal/runvars
  github.com/kvmukilan/livewire/internal/orchestration
  github.com/kvmukilan/livewire/internal/lab
  github.com/kvmukilan/livewire/internal/livereplay
  github.com/kvmukilan/livewire/internal/stateless
  github.com/kvmukilan/livewire/internal/planexec
  github.com/kvmukilan/livewire/internal/replayintent
  github.com/kvmukilan/livewire/internal/sshreplay
  github.com/kvmukilan/livewire/internal/secureexec
  github.com/kvmukilan/livewire/internal/supportbundle
  github.com/kvmukilan/livewire/internal/tui
  github.com/kvmukilan/livewire/internal/webui
  github.com/kvmukilan/livewire/cmd/livewire
  github.com/kvmukilan/livewire/internal/qualification
  github.com/kvmukilan/livewire/internal/replaylab
  github.com/kvmukilan/livewire/scripts/qualify
  github.com/kvmukilan/livewire/scripts/replaylab
  github.com/kvmukilan/livewire/scripts/task
  github.com/kvmukilan/livewire/test/echoserver
Govulncheck scanned the following 4 modules and the go1.26.7 standard library:
  github.com/kvmukilan/livewire
  golang.org/x/crypto@v0.56.0
  golang.org/x/sys@v0.47.0
  golang.org/x/term@v0.45.0

=== Symbol Results ===

No vulnerabilities found.

=== Package Results ===

No other vulnerabilities found.

=== Module Results ===

Vulnerability #1: GO-2026-5932
    The golang.org/x/crypto/openpgp package is unmaintained, unsafe by design,
    and has known security issues
  More info: https://pkg.go.dev/vuln/GO-2026-5932
  Module: golang.org/x/crypto
    Found in: golang.org/x/crypto@v0.56.0
    Fixed in: N/A

Your code is affected by 0 vulnerabilities.
This scan also found 0 vulnerabilities in packages you import and 1
vulnerability in modules you require, but your code doesn't appear to call these
vulnerabilities.
