==> cover
$ go test -coverprofile=coverage\aggregate.out -coverpkg=./... ./...
ok  	github.com/kvmukilan/livewire/cmd/livewire	8.467s	coverage: 28.4% of statements in ./...
ok  	github.com/kvmukilan/livewire/internal/adapters	1.741s	coverage: 14.0% of statements in ./...
ok  	github.com/kvmukilan/livewire/internal/backend	0.997s	coverage: 1.2% of statements in ./...
?   	github.com/kvmukilan/livewire/internal/buildinfo	[no test files]
ok  	github.com/kvmukilan/livewire/internal/compare	1.381s	coverage: 2.0% of statements in ./...
ok  	github.com/kvmukilan/livewire/internal/dissect	1.474s	coverage: 1.8% of statements in ./...
ok  	github.com/kvmukilan/livewire/internal/edit	0.901s	coverage: 1.1% of statements in ./...
ok  	github.com/kvmukilan/livewire/internal/engine	1.116s	coverage: 7.1% of statements in ./...
ok  	github.com/kvmukilan/livewire/internal/evidence	1.038s	coverage: 0.8% of statements in ./...
	github.com/kvmukilan/livewire/internal/flow		coverage: 0.0% of statements
ok  	github.com/kvmukilan/livewire/internal/ftpreplay	2.245s	coverage: 6.2% of statements in ./...
ok  	github.com/kvmukilan/livewire/internal/hoststack	0.905s	coverage: 0.2% of statements in ./...
ok  	github.com/kvmukilan/livewire/internal/ipreasm	0.998s	coverage: 1.5% of statements in ./...
ok  	github.com/kvmukilan/livewire/internal/iterate	1.002s	coverage: 0.7% of statements in ./...
ok  	github.com/kvmukilan/livewire/internal/lab	2.162s	coverage: 6.3% of statements in ./...
ok  	github.com/kvmukilan/livewire/internal/livereplay	1.024s	coverage: 1.1% of statements in ./...
ok  	github.com/kvmukilan/livewire/internal/orchestration	1.046s	coverage: 0.5% of statements in ./...
ok  	github.com/kvmukilan/livewire/internal/pcapio	1.064s	coverage: 1.7% of statements in ./...
ok  	github.com/kvmukilan/livewire/internal/planexec	2.003s	coverage: 1.9% of statements in ./...
ok  	github.com/kvmukilan/livewire/internal/qualification	109.011s	coverage: 4.4% of statements in ./...
ok  	github.com/kvmukilan/livewire/internal/replay	4.937s	coverage: 9.4% of statements in ./...
ok  	github.com/kvmukilan/livewire/internal/replayintent	1.270s	coverage: 5.5% of statements in ./...
ok  	github.com/kvmukilan/livewire/internal/replaylab	8.431s	coverage: 8.9% of statements in ./...
ok  	github.com/kvmukilan/livewire/internal/runstate	2.335s	coverage: 1.1% of statements in ./...
ok  	github.com/kvmukilan/livewire/internal/runvars	0.960s	coverage: 0.3% of statements in ./...
ok  	github.com/kvmukilan/livewire/internal/secureexec	1.548s	coverage: 3.0% of statements in ./...
ok  	github.com/kvmukilan/livewire/internal/securefile	0.940s	coverage: 0.2% of statements in ./...
ok  	github.com/kvmukilan/livewire/internal/sshreplay	2.293s	coverage: 0.4% of statements in ./...
ok  	github.com/kvmukilan/livewire/internal/stateless	0.946s	coverage: 0.2% of statements in ./...
ok  	github.com/kvmukilan/livewire/internal/supportbundle	1.134s	coverage: 0.8% of statements in ./...
ok  	github.com/kvmukilan/livewire/internal/tlsreplay	4.123s	coverage: 6.1% of statements in ./...
ok  	github.com/kvmukilan/livewire/internal/tui	0.915s	coverage: 0.2% of statements in ./...
ok  	github.com/kvmukilan/livewire/internal/units	0.848s	coverage: 0.0% of statements in ./...
ok  	github.com/kvmukilan/livewire/internal/webui	1.983s	coverage: 22.2% of statements in ./...
ok  	github.com/kvmukilan/livewire/internal/wire	1.000s	coverage: 1.6% of statements in ./...
	github.com/kvmukilan/livewire/scripts/qualify		coverage: 0.0% of statements
	github.com/kvmukilan/livewire/scripts/replaylab		coverage: 0.0% of statements
	github.com/kvmukilan/livewire/scripts/task		coverage: 0.0% of statements
	github.com/kvmukilan/livewire/test/echoserver		coverage: 0.0% of statements
aggregate coverage: 69.1% (required 60%)
$ go test -coverprofile=coverage\pcapio.out ./internal/pcapio
ok  	github.com/kvmukilan/livewire/internal/pcapio	0.403s	coverage: 87.9% of statements
pcapio coverage: 87.9% (required 85%)
$ go test -coverprofile=coverage\webui.out ./internal/webui
ok  	github.com/kvmukilan/livewire/internal/webui	0.685s	coverage: 63.1% of statements
webui coverage: 63.1% (required 60%)
$ go test -coverprofile=coverage\cmd.out ./cmd/livewire
ok  	github.com/kvmukilan/livewire/cmd/livewire	5.216s	coverage: 50.3% of statements
cmd coverage: 50.3% (required 30%)
$ go test -coverprofile=coverage\backend.out ./internal/backend
ok  	github.com/kvmukilan/livewire/internal/backend	0.381s	coverage: 30.0% of statements
backend coverage: 30.0% (required 20%)
==> cover ok (12m49.576s)
