==> race
$ go test -race -count=1 ./...
ok  	github.com/kvmukilan/livewire/cmd/livewire	10.749s
ok  	github.com/kvmukilan/livewire/internal/adapters	2.072s
ok  	github.com/kvmukilan/livewire/internal/backend	1.606s
?   	github.com/kvmukilan/livewire/internal/buildinfo	[no test files]
ok  	github.com/kvmukilan/livewire/internal/compare	1.777s
ok  	github.com/kvmukilan/livewire/internal/dissect	1.717s
ok  	github.com/kvmukilan/livewire/internal/edit	1.577s
ok  	github.com/kvmukilan/livewire/internal/engine	1.675s
ok  	github.com/kvmukilan/livewire/internal/evidence	1.557s
?   	github.com/kvmukilan/livewire/internal/flow	[no test files]
ok  	github.com/kvmukilan/livewire/internal/ftpreplay	2.232s
ok  	github.com/kvmukilan/livewire/internal/hoststack	1.621s
ok  	github.com/kvmukilan/livewire/internal/ipreasm	1.714s
ok  	github.com/kvmukilan/livewire/internal/iterate	1.653s
ok  	github.com/kvmukilan/livewire/internal/lab	2.699s
ok  	github.com/kvmukilan/livewire/internal/livereplay	1.368s
ok  	github.com/kvmukilan/livewire/internal/orchestration	1.378s
ok  	github.com/kvmukilan/livewire/internal/pcapio	1.434s
ok  	github.com/kvmukilan/livewire/internal/planexec	2.228s
ok  	github.com/kvmukilan/livewire/internal/qualification	145.983s
ok  	github.com/kvmukilan/livewire/internal/replay	5.255s
ok  	github.com/kvmukilan/livewire/internal/replayintent	1.584s
ok  	github.com/kvmukilan/livewire/internal/replaylab	9.658s
ok  	github.com/kvmukilan/livewire/internal/runstate	2.336s
ok  	github.com/kvmukilan/livewire/internal/runvars	1.399s
ok  	github.com/kvmukilan/livewire/internal/secureexec	1.914s
ok  	github.com/kvmukilan/livewire/internal/securefile	1.486s
ok  	github.com/kvmukilan/livewire/internal/sshreplay	2.794s
ok  	github.com/kvmukilan/livewire/internal/stateless	1.454s
ok  	github.com/kvmukilan/livewire/internal/supportbundle	1.555s
ok  	github.com/kvmukilan/livewire/internal/tlsreplay	4.764s
ok  	github.com/kvmukilan/livewire/internal/tui	1.397s
ok  	github.com/kvmukilan/livewire/internal/units	1.468s
ok  	github.com/kvmukilan/livewire/internal/webui	3.175s
ok  	github.com/kvmukilan/livewire/internal/wire	1.414s
?   	github.com/kvmukilan/livewire/scripts/qualify	[no test files]
?   	github.com/kvmukilan/livewire/scripts/replaylab	[no test files]
?   	github.com/kvmukilan/livewire/scripts/task	[no test files]
?   	github.com/kvmukilan/livewire/test/echoserver	[no test files]
==> race ok (2m49.394s)
