==> cover
$ go test -coverprofile=coverage/aggregate.out -coverpkg=./... ./...
ok  	github.com/kvmukilan/livewire/cmd/livewire	3.815s	coverage: 28.9% of statements in ./...
ok  	github.com/kvmukilan/livewire/internal/adapters	0.324s	coverage: 14.0% of statements in ./...
ok  	github.com/kvmukilan/livewire/internal/backend	0.053s	coverage: 1.3% of statements in ./...
?   	github.com/kvmukilan/livewire/internal/buildinfo	[no test files]
ok  	github.com/kvmukilan/livewire/internal/compare	0.061s	coverage: 1.9% of statements in ./...
ok  	github.com/kvmukilan/livewire/internal/dissect	0.098s	coverage: 1.8% of statements in ./...
ok  	github.com/kvmukilan/livewire/internal/edit	0.054s	coverage: 1.1% of statements in ./...
ok  	github.com/kvmukilan/livewire/internal/engine	0.069s	coverage: 7.1% of statements in ./...
ok  	github.com/kvmukilan/livewire/internal/evidence	0.079s	coverage: 0.8% of statements in ./...
	github.com/kvmukilan/livewire/internal/flow		coverage: 0.0% of statements
ok  	github.com/kvmukilan/livewire/internal/ftpreplay	1.216s	coverage: 6.2% of statements in ./...
ok  	github.com/kvmukilan/livewire/internal/hoststack	0.052s	coverage: 0.2% of statements in ./...
ok  	github.com/kvmukilan/livewire/internal/ipreasm	0.094s	coverage: 1.5% of statements in ./...
ok  	github.com/kvmukilan/livewire/internal/iterate	0.166s	coverage: 0.7% of statements in ./...
ok  	github.com/kvmukilan/livewire/internal/lab	0.973s	coverage: 6.3% of statements in ./...
ok  	github.com/kvmukilan/livewire/internal/livereplay	0.061s	coverage: 1.1% of statements in ./...
ok  	github.com/kvmukilan/livewire/internal/orchestration	0.109s	coverage: 0.5% of statements in ./...
ok  	github.com/kvmukilan/livewire/internal/pcapio	0.072s	coverage: 1.7% of statements in ./...
ok  	github.com/kvmukilan/livewire/internal/planexec	0.634s	coverage: 1.9% of statements in ./...
ok  	github.com/kvmukilan/livewire/internal/qualification	5.456s	coverage: 4.4% of statements in ./...
ok  	github.com/kvmukilan/livewire/internal/replay	3.671s	coverage: 9.4% of statements in ./...
ok  	github.com/kvmukilan/livewire/internal/replayintent	0.062s	coverage: 5.5% of statements in ./...
ok  	github.com/kvmukilan/livewire/internal/replaylab	4.176s	coverage: 8.9% of statements in ./...
ok  	github.com/kvmukilan/livewire/internal/runstate	0.509s	coverage: 1.1% of statements in ./...
ok  	github.com/kvmukilan/livewire/internal/runvars	0.053s	coverage: 0.3% of statements in ./...
ok  	github.com/kvmukilan/livewire/internal/secureexec	0.568s	coverage: 3.0% of statements in ./...
ok  	github.com/kvmukilan/livewire/internal/securefile	0.071s	coverage: 0.2% of statements in ./...
ok  	github.com/kvmukilan/livewire/internal/sshreplay	1.780s	coverage: 0.4% of statements in ./...
ok  	github.com/kvmukilan/livewire/internal/stateless	0.042s	coverage: 0.2% of statements in ./...
ok  	github.com/kvmukilan/livewire/internal/supportbundle	0.061s	coverage: 0.8% of statements in ./...
ok  	github.com/kvmukilan/livewire/internal/tlsreplay	3.728s	coverage: 6.1% of statements in ./...
ok  	github.com/kvmukilan/livewire/internal/tui	0.046s	coverage: 0.2% of statements in ./...
ok  	github.com/kvmukilan/livewire/internal/units	0.044s	coverage: 0.0% of statements in ./...
ok  	github.com/kvmukilan/livewire/internal/webui	1.158s	coverage: 21.9% of statements in ./...
ok  	github.com/kvmukilan/livewire/internal/wire	0.048s	coverage: 1.6% of statements in ./...
	github.com/kvmukilan/livewire/scripts/qualify		coverage: 0.0% of statements
	github.com/kvmukilan/livewire/scripts/replaylab		coverage: 0.0% of statements
	github.com/kvmukilan/livewire/scripts/task		coverage: 0.0% of statements
	github.com/kvmukilan/livewire/test/echoserver		coverage: 0.0% of statements
aggregate coverage: 69.2% (required 60%)
$ go test -coverprofile=coverage/pcapio.out ./internal/pcapio
ok  	github.com/kvmukilan/livewire/internal/pcapio	0.014s	coverage: 87.9% of statements
pcapio coverage: 87.9% (required 85%)
$ go test -coverprofile=coverage/webui.out ./internal/webui
ok  	github.com/kvmukilan/livewire/internal/webui	0.359s	coverage: 63.1% of statements
webui coverage: 63.1% (required 60%)
$ go test -coverprofile=coverage/cmd.out ./cmd/livewire
ok  	github.com/kvmukilan/livewire/cmd/livewire	2.898s	coverage: 51.5% of statements
cmd coverage: 51.5% (required 30%)
$ go test -coverprofile=coverage/backend.out ./internal/backend
ok  	github.com/kvmukilan/livewire/internal/backend	0.004s	coverage: 31.0% of statements
backend coverage: 31.0% (required 20%)
==> cover ok (27.061s)
