==> cover
$ go test -coverprofile=coverage\aggregate.out -coverpkg=./... ./...
ok  	github.com/kvmukilan/livewire/cmd/livewire	11.815s	coverage: 29.3% of statements in ./...
ok  	github.com/kvmukilan/livewire/internal/adapters	2.080s	coverage: 13.8% of statements in ./...
ok  	github.com/kvmukilan/livewire/internal/backend	1.081s	coverage: 1.2% of statements in ./...
?   	github.com/kvmukilan/livewire/internal/buildinfo	[no test files]
ok  	github.com/kvmukilan/livewire/internal/compare	1.614s	coverage: 1.9% of statements in ./...
ok  	github.com/kvmukilan/livewire/internal/dissect	1.649s	coverage: 1.7% of statements in ./...
ok  	github.com/kvmukilan/livewire/internal/edit	1.438s	coverage: 1.1% of statements in ./...
ok  	github.com/kvmukilan/livewire/internal/engine	1.102s	coverage: 7.0% of statements in ./...
ok  	github.com/kvmukilan/livewire/internal/evidence	1.586s	coverage: 0.8% of statements in ./...
	github.com/kvmukilan/livewire/internal/flow		coverage: 0.0% of statements
ok  	github.com/kvmukilan/livewire/internal/ftpreplay	2.323s	coverage: 6.8% of statements in ./...
ok  	github.com/kvmukilan/livewire/internal/hoststack	1.327s	coverage: 0.2% of statements in ./...
ok  	github.com/kvmukilan/livewire/internal/ipreasm	1.125s	coverage: 1.5% of statements in ./...
ok  	github.com/kvmukilan/livewire/internal/iterate	1.186s	coverage: 0.7% of statements in ./...
ok  	github.com/kvmukilan/livewire/internal/lab	2.323s	coverage: 6.2% of statements in ./...
ok  	github.com/kvmukilan/livewire/internal/livereplay	0.905s	coverage: 1.1% of statements in ./...
ok  	github.com/kvmukilan/livewire/internal/orchestration	1.588s	coverage: 0.5% of statements in ./...
ok  	github.com/kvmukilan/livewire/internal/pcapio	1.317s	coverage: 1.8% of statements in ./...
ok  	github.com/kvmukilan/livewire/internal/planexec	2.114s	coverage: 1.9% of statements in ./...
ok  	github.com/kvmukilan/livewire/internal/qualification	117.813s	coverage: 4.4% of statements in ./...
ok  	github.com/kvmukilan/livewire/internal/recording	3.037s	coverage: 0.6% of statements in ./...
ok  	github.com/kvmukilan/livewire/internal/replay	5.191s	coverage: 9.3% of statements in ./...
ok  	github.com/kvmukilan/livewire/internal/replayintent	1.297s	coverage: 5.4% of statements in ./...
ok  	github.com/kvmukilan/livewire/internal/replaylab	9.680s	coverage: 8.7% of statements in ./...
ok  	github.com/kvmukilan/livewire/internal/runstate	2.670s	coverage: 1.1% of statements in ./...
ok  	github.com/kvmukilan/livewire/internal/runvars	0.982s	coverage: 0.3% of statements in ./...
ok  	github.com/kvmukilan/livewire/internal/secureexec	1.918s	coverage: 3.0% of statements in ./...
ok  	github.com/kvmukilan/livewire/internal/securefile	1.206s	coverage: 0.2% of statements in ./...
ok  	github.com/kvmukilan/livewire/internal/sshreplay	2.395s	coverage: 0.4% of statements in ./...
ok  	github.com/kvmukilan/livewire/internal/stateless	1.050s	coverage: 0.2% of statements in ./...
ok  	github.com/kvmukilan/livewire/internal/supportbundle	1.370s	coverage: 0.8% of statements in ./...
ok  	github.com/kvmukilan/livewire/internal/tlsreplay	4.207s	coverage: 6.0% of statements in ./...
ok  	github.com/kvmukilan/livewire/internal/tui	0.954s	coverage: 0.2% of statements in ./...
ok  	github.com/kvmukilan/livewire/internal/units	0.875s	coverage: 0.0% of statements in ./...
ok  	github.com/kvmukilan/livewire/internal/webui	2.005s	coverage: 21.9% of statements in ./...
ok  	github.com/kvmukilan/livewire/internal/wire	1.042s	coverage: 1.6% of statements in ./...
	github.com/kvmukilan/livewire/scripts/qualify		coverage: 0.0% of statements
	github.com/kvmukilan/livewire/scripts/replaylab		coverage: 0.0% of statements
	github.com/kvmukilan/livewire/scripts/task		coverage: 0.0% of statements
	github.com/kvmukilan/livewire/test/echoserver		coverage: 0.0% of statements
aggregate coverage: 69.4% (required 60%)
$ go test -coverprofile=coverage\pcapio.out ./internal/pcapio
ok  	github.com/kvmukilan/livewire/internal/pcapio	0.557s	coverage: 87.7% of statements
pcapio coverage: 87.7% (required 85%)
$ go test -coverprofile=coverage\webui.out ./internal/webui
ok  	github.com/kvmukilan/livewire/internal/webui	0.704s	coverage: 63.1% of statements
webui coverage: 63.1% (required 60%)
$ go test -coverprofile=coverage\cmd.out ./cmd/livewire
ok  	github.com/kvmukilan/livewire/cmd/livewire	8.955s	coverage: 51.1% of statements
cmd coverage: 51.1% (required 30%)
$ go test -coverprofile=coverage\backend.out ./internal/backend
ok  	github.com/kvmukilan/livewire/internal/backend	0.561s	coverage: 30.0% of statements
backend coverage: 30.0% (required 20%)
==> cover ok (13m31.883s)
