==> dashboard
$ node --test scripts/dashboard.test.cjs
TAP version 13
# Subtest: changing capture invalidates an old preview and disables Start
ok 1 - changing capture invalidates an old preview and disables Start
  ---
  duration_ms: 4.1738
  type: 'test'
  ...
# Subtest: a late inspection response cannot restore stale state
ok 2 - a late inspection response cannot restore stale state
  ---
  duration_ms: 1.6245
  type: 'test'
  ...
# Subtest: failed reinspection clears the previous successful preview
ok 3 - failed reinspection clears the previous successful preview
  ---
  duration_ms: 1.1412
  type: 'test'
  ...
# Subtest: two rapid Start actions submit only one run
ok 4 - two rapid Start actions submit only one run
  ---
  duration_ms: 1.3961
  type: 'test'
  ...
# Subtest: zero gap is sent as zero; session selection cannot silently become all
ok 5 - zero gap is sent as zero; session selection cannot silently become all
  ---
  duration_ms: 1.5809
  type: 'test'
  ...
# Subtest: verified handshake-only results show amber application-incomplete details
ok 6 - verified handshake-only results show amber application-incomplete details
  ---
  duration_ms: 2.1507
  type: 'test'
  ...
# Subtest: certificate failures and failed earlier attempts remain failed
ok 7 - certificate failures and failed earlier attempts remain failed
  ---
  duration_ms: 1.8144
  type: 'test'
  ...
# Subtest: missing reports, cancellation and partial attempts cannot become handshake-only completion
ok 8 - missing reports, cancellation and partial attempts cannot become handshake-only completion
  ---
  duration_ms: 2.64
  type: 'test'
  ...
1..8
# tests 8
# suites 0
# pass 8
# fail 0
# cancelled 0
# skipped 0
# todo 0
# duration_ms 147.1674
==> dashboard ok (381ms)
