==> lint
$ go run golang.org/x/vuln/cmd/govulncheck@v1.7.0 ./...
=== Symbol Results ===

No vulnerabilities found.

Your code is affected by 0 vulnerabilities.
This scan also found 0 vulnerabilities in packages you import and 1
vulnerability in modules you require, but your code doesn't appear to call these
vulnerabilities.
Use '-show verbose' for more details.
$ go run honnef.co/go/tools/cmd/staticcheck@2026.2.1 ./...
$ go run github.com/securego/gosec/v2/cmd/gosec@v2.28.0 -severity high -confidence high -exclude-generated ./...
[gosec] 2026/10/01 12:15:01 Including rules: default
[gosec] 2026/10/01 12:15:01 Excluding rules: default
[gosec] 2026/10/01 12:15:01 Including analyzers: default
[gosec] 2026/10/01 12:15:01 Excluding analyzers: default
[gosec] 2026/10/01 12:15:01 Import directory: C:\Users\kvmuk\livewire\coverage\v120-r4-windows-gates\internal\adapters
[gosec] 2026/10/01 12:15:01 Import directory: C:\Users\kvmuk\livewire\coverage\v120-r4-windows-gates\internal\flow
[gosec] 2026/10/01 12:15:01 Import directory: C:\Users\kvmuk\livewire\coverage\v120-r4-windows-gates\internal\pcapio
[gosec] 2026/10/01 12:15:01 Import directory: C:\Users\kvmuk\livewire\coverage\v120-r4-windows-gates\internal\iterate
[gosec] 2026/10/01 12:15:01 Import directory: C:\Users\kvmuk\livewire\coverage\v120-r4-windows-gates\internal\tui
[gosec] 2026/10/01 12:15:01 Import directory: C:\Users\kvmuk\livewire\coverage\v120-r4-windows-gates\scripts\qualify
[gosec] 2026/10/01 12:15:01 Import directory: C:\Users\kvmuk\livewire\coverage\v120-r4-windows-gates\internal\recording
[gosec] 2026/10/01 12:15:01 Import directory: C:\Users\kvmuk\livewire\coverage\v120-r4-windows-gates\scripts
[gosec] 2026/10/01 12:15:01 Import directory: C:\Users\kvmuk\livewire\coverage\v120-r4-windows-gates\scripts\task
[gosec] 2026/10/01 12:15:01 Import directory: C:\Users\kvmuk\livewire\coverage\v120-r4-windows-gates\internal\backend
[gosec] 2026/10/01 12:15:01 Import directory: C:\Users\kvmuk\livewire\coverage\v120-r4-windows-gates\internal\planexec
[gosec] 2026/10/01 12:15:01 Import directory: C:\Users\kvmuk\livewire\coverage\v120-r4-windows-gates\internal\wire
[gosec] 2026/10/01 12:15:01 Import directory: C:\Users\kvmuk\livewire\coverage\v120-r4-windows-gates\internal\buildinfo
[gosec] 2026/10/01 12:15:01 Import directory: C:\Users\kvmuk\livewire\coverage\v120-r4-windows-gates\internal\replayintent
[gosec] 2026/10/01 12:15:01 Import directory: C:\Users\kvmuk\livewire\coverage\v120-r4-windows-gates\scripts\replaylab
[gosec] 2026/10/01 12:15:01 Import directory: C:\Users\kvmuk\livewire\coverage\v120-r4-windows-gates\internal\sshreplay
[gosec] 2026/10/01 12:15:01 Import directory: C:\Users\kvmuk\livewire\coverage\v120-r4-windows-gates\internal\replay
[gosec] 2026/10/01 12:15:01 Checking package: buildinfo
[gosec] 2026/10/01 12:15:01 Checking file: C:\Users\kvmuk\livewire\coverage\v120-r4-windows-gates\internal\buildinfo\buildinfo.go
[gosec] 2026/10/01 12:15:01 Import directory: C:\Users\kvmuk\livewire\coverage\v120-r4-windows-gates\internal\stateless
[gosec] 2026/10/01 12:15:02 Checking package: iterate
[gosec] 2026/10/01 12:15:02 Checking file: C:\Users\kvmuk\livewire\coverage\v120-r4-windows-gates\internal\iterate\iterate.go
[gosec] 2026/10/01 12:15:03 Checking package: tui
[gosec] 2026/10/01 12:15:03 Checking file: C:\Users\kvmuk\livewire\coverage\v120-r4-windows-gates\internal\tui\dashboard.go
[gosec] 2026/10/01 12:15:03 Checking package: wire
[gosec] 2026/10/01 12:15:03 Checking package: flow
[gosec] 2026/10/01 12:15:03 Checking file: C:\Users\kvmuk\livewire\coverage\v120-r4-windows-gates\internal\flow\key.go
[gosec] 2026/10/01 12:15:03 Checking file: C:\Users\kvmuk\livewire\coverage\v120-r4-windows-gates\internal\wire\checksum.go
[gosec] 2026/10/01 12:15:03 Checking file: C:\Users\kvmuk\livewire\coverage\v120-r4-windows-gates\internal\wire\edit.go
[gosec] 2026/10/01 12:15:03 Checking file: C:\Users\kvmuk\livewire\coverage\v120-r4-windows-gates\internal\wire\frag.go
[gosec] 2026/10/01 12:15:03 Checking file: C:\Users\kvmuk\livewire\coverage\v120-r4-windows-gates\internal\wire\fragment_edit.go
[gosec] 2026/10/01 12:15:03 Checking file: C:\Users\kvmuk\livewire\coverage\v120-r4-windows-gates\internal\wire\optedit.go
[gosec] 2026/10/01 12:15:03 Checking file: C:\Users\kvmuk\livewire\coverage\v120-r4-windows-gates\internal\wire\options.go
[gosec] 2026/10/01 12:15:03 Checking file: C:\Users\kvmuk\livewire\coverage\v120-r4-windows-gates\internal\wire\reseg.go
[gosec] 2026/10/01 12:15:03 Checking file: C:\Users\kvmuk\livewire\coverage\v120-r4-windows-gates\internal\wire\vlan.go
[gosec] 2026/10/01 12:15:03 Checking file: C:\Users\kvmuk\livewire\coverage\v120-r4-windows-gates\internal\wire\wire.go
[gosec] 2026/10/01 12:15:03 Import directory: C:\Users\kvmuk\livewire\coverage\v120-r4-windows-gates\test\echoserver
[gosec] 2026/10/01 12:15:03 Import directory: C:\Users\kvmuk\livewire\coverage\v120-r4-windows-gates\internal\lab
[gosec] 2026/10/01 12:15:03 Import directory: C:\Users\kvmuk\livewire\coverage\v120-r4-windows-gates\internal\runvars
[gosec] 2026/10/01 12:15:03 Import directory: C:\Users\kvmuk\livewire\coverage\v120-r4-windows-gates\internal\ipreasm
[gosec] 2026/10/01 12:15:03 Checking package: pcapio
[gosec] 2026/10/01 12:15:03 Checking file: C:\Users\kvmuk\livewire\coverage\v120-r4-windows-gates\internal\pcapio\limits.go
[gosec] 2026/10/01 12:15:03 Checking file: C:\Users\kvmuk\livewire\coverage\v120-r4-windows-gates\internal\pcapio\pcap.go
[gosec] 2026/10/01 12:15:03 Checking file: C:\Users\kvmuk\livewire\coverage\v120-r4-windows-gates\internal\pcapio\pcapio.go
[gosec] 2026/10/01 12:15:03 Checking file: C:\Users\kvmuk\livewire\coverage\v120-r4-windows-gates\internal\pcapio\pcapng.go
[gosec] 2026/10/01 12:15:03 Checking file: C:\Users\kvmuk\livewire\coverage\v120-r4-windows-gates\internal\pcapio\pcapng_writer.go
[gosec] 2026/10/01 12:15:03 Checking file: C:\Users\kvmuk\livewire\coverage\v120-r4-windows-gates\internal\pcapio\secrets.go
[gosec] 2026/10/01 12:15:03 Import directory: C:\Users\kvmuk\livewire\coverage\v120-r4-windows-gates\internal\compare
[gosec] 2026/10/01 12:15:03 Checking package: backend
[gosec] 2026/10/01 12:15:03 Checking file: C:\Users\kvmuk\livewire\coverage\v120-r4-windows-gates\internal\backend\arp_windows.go
[gosec] 2026/10/01 12:15:03 Checking file: C:\Users\kvmuk\livewire\coverage\v120-r4-windows-gates\internal\backend\backend.go
[gosec] 2026/10/01 12:15:03 Checking file: C:\Users\kvmuk\livewire\coverage\v120-r4-windows-gates\internal\backend\mac_rewrite.go
[gosec] 2026/10/01 12:15:03 Checking file: C:\Users\kvmuk\livewire\coverage\v120-r4-windows-gates\internal\backend\mock.go
[gosec] 2026/10/01 12:15:03 Checking file: C:\Users\kvmuk\livewire\coverage\v120-r4-windows-gates\internal\backend\ndp.go
[gosec] 2026/10/01 12:15:03 Checking file: C:\Users\kvmuk\livewire\coverage\v120-r4-windows-gates\internal\backend\npcap_windows.go
[gosec] 2026/10/01 12:15:03 Checking file: C:\Users\kvmuk\livewire\coverage\v120-r4-windows-gates\internal\backend\open.go
[gosec] 2026/10/01 12:15:03 Checking file: C:\Users\kvmuk\livewire\coverage\v120-r4-windows-gates\internal\backend\open_windows.go
[gosec] 2026/10/01 12:15:03 Checking file: C:\Users\kvmuk\livewire\coverage\v120-r4-windows-gates\internal\backend\tuple_rewrite.go
[gosec] 2026/10/01 12:15:03 Import directory: C:\Users\kvmuk\livewire\coverage\v120-r4-windows-gates\internal\evidence
[gosec] 2026/10/01 12:15:03 Checking package: main
[gosec] 2026/10/01 12:15:03 Checking file: C:\Users\kvmuk\livewire\coverage\v120-r4-windows-gates\scripts\qualify\main.go
[gosec] 2026/10/01 12:15:03 Import directory: C:\Users\kvmuk\livewire\coverage\v120-r4-windows-gates\internal\runstate
[gosec] 2026/10/01 12:15:03 Checking package: stateless
[gosec] 2026/10/01 12:15:03 Checking file: C:\Users\kvmuk\livewire\coverage\v120-r4-windows-gates\internal\stateless\rate.go
[gosec] 2026/10/01 12:15:03 Import directory: C:\Users\kvmuk\livewire\coverage\v120-r4-windows-gates\internal\edit
[gosec] 2026/10/01 12:15:04 Checking package: sshreplay
[gosec] 2026/10/01 12:15:04 Checking file: C:\Users\kvmuk\livewire\coverage\v120-r4-windows-gates\internal\sshreplay\reterminate.go
[gosec] 2026/10/01 12:15:04 Import directory: C:\Users\kvmuk\livewire\coverage\v120-r4-windows-gates\internal\ftpreplay
[gosec] 2026/10/01 12:15:04 Checking package: main
[gosec] 2026/10/01 12:15:04 Checking file: C:\Users\kvmuk\livewire\coverage\v120-r4-windows-gates\scripts\replaylab\main.go
[gosec] 2026/10/01 12:15:04 Import directory: C:\Users\kvmuk\livewire\coverage\v120-r4-windows-gates\internal\hoststack
[gosec] 2026/10/01 12:15:04 Checking package: main
[gosec] 2026/10/01 12:15:04 Checking file: C:\Users\kvmuk\livewire\coverage\v120-r4-windows-gates\scripts\task\compare.go
[gosec] 2026/10/01 12:15:04 Checking file: C:\Users\kvmuk\livewire\coverage\v120-r4-windows-gates\scripts\task\main.go
[gosec] 2026/10/01 12:15:04 Checking package: recording
[gosec] 2026/10/01 12:15:04 Checking file: C:\Users\kvmuk\livewire\coverage\v120-r4-windows-gates\internal\recording\private_windows.go
[gosec] 2026/10/01 12:15:04 Checking file: C:\Users\kvmuk\livewire\coverage\v120-r4-windows-gates\internal\recording\process.go
[gosec] 2026/10/01 12:15:04 Checking file: C:\Users\kvmuk\livewire\coverage\v120-r4-windows-gates\internal\recording\process_windows.go
[gosec] 2026/10/01 12:15:04 Checking file: C:\Users\kvmuk\livewire\coverage\v120-r4-windows-gates\internal\recording\secrets.go
[gosec] 2026/10/01 12:15:04 Import directory: C:\Users\kvmuk\livewire\coverage\v120-r4-windows-gates\internal\replaylab
[gosec] 2026/10/01 12:15:04 Import directory: C:\Users\kvmuk\livewire\coverage\v120-r4-windows-gates\internal\secureexec
[gosec] 2026/10/01 12:15:04 Checking package: replay
[gosec] 2026/10/01 12:15:04 Checking file: C:\Users\kvmuk\livewire\coverage\v120-r4-windows-gates\internal\replay\adapter.go
[gosec] 2026/10/01 12:15:04 Checking file: C:\Users\kvmuk\livewire\coverage\v120-r4-windows-gates\internal\replay\blockers.go
[gosec] 2026/10/01 12:15:04 Checking file: C:\Users\kvmuk\livewire\coverage\v120-r4-windows-gates\internal\replay\correlation.go
[gosec] 2026/10/01 12:15:04 Checking file: C:\Users\kvmuk\livewire\coverage\v120-r4-windows-gates\internal\replay\datagram.go
[gosec] 2026/10/01 12:15:04 Checking file: C:\Users\kvmuk\livewire\coverage\v120-r4-windows-gates\internal\replay\evidence.go
[gosec] 2026/10/01 12:15:04 Checking file: C:\Users\kvmuk\livewire\coverage\v120-r4-windows-gates\internal\replay\execution.go
[gosec] 2026/10/01 12:15:04 Checking file: C:\Users\kvmuk\livewire\coverage\v120-r4-windows-gates\internal\replay\fingerprint.go
[gosec] 2026/10/01 12:15:04 Checking file: C:\Users\kvmuk\livewire\coverage\v120-r4-windows-gates\internal\replay\maintenance.go
[gosec] 2026/10/01 12:15:04 Checking file: C:\Users\kvmuk\livewire\coverage\v120-r4-windows-gates\internal\replay\model.go
[gosec] 2026/10/01 12:15:04 Checking file: C:\Users\kvmuk\livewire\coverage\v120-r4-windows-gates\internal\replay\plan.go
[gosec] 2026/10/01 12:15:04 Checking file: C:\Users\kvmuk\livewire\coverage\v120-r4-windows-gates\internal\replay\reader.go
[gosec] 2026/10/01 12:15:04 Checking file: C:\Users\kvmuk\livewire\coverage\v120-r4-windows-gates\internal\replay\recovery_probe.go
[gosec] 2026/10/01 12:15:04 Checking file: C:\Users\kvmuk\livewire\coverage\v120-r4-windows-gates\internal\replay\response_error.go
[gosec] 2026/10/01 12:15:04 Checking file: C:\Users\kvmuk\livewire\coverage\v120-r4-windows-gates\internal\replay\runtime.go
[gosec] 2026/10/01 12:15:04 Checking file: C:\Users\kvmuk\livewire\coverage\v120-r4-windows-gates\internal\replay\scenario.go
[gosec] 2026/10/01 12:15:04 Checking file: C:\Users\kvmuk\livewire\coverage\v120-r4-windows-gates\internal\replay\status.go
[gosec] 2026/10/01 12:15:04 Checking file: C:\Users\kvmuk\livewire\coverage\v120-r4-windows-gates\internal\replay\tcp_semantic.go
[gosec] 2026/10/01 12:15:04 Checking package: replayintent
[gosec] 2026/10/01 12:15:04 Checking file: C:\Users\kvmuk\livewire\coverage\v120-r4-windows-gates\internal\replayintent\ftp.go
[gosec] 2026/10/01 12:15:04 Checking file: C:\Users\kvmuk\livewire\coverage\v120-r4-windows-gates\internal\replayintent\inspect.go
[gosec] 2026/10/01 12:15:04 Checking file: C:\Users\kvmuk\livewire\coverage\v120-r4-windows-gates\internal\replayintent\lab.go
[gosec] 2026/10/01 12:15:04 Checking file: C:\Users\kvmuk\livewire\coverage\v120-r4-windows-gates\internal\replay\tcp_stream.go
[gosec] 2026/10/01 12:15:04 Checking file: C:\Users\kvmuk\livewire\coverage\v120-r4-windows-gates\internal\replayintent\route.go
[gosec] 2026/10/01 12:15:04 Checking file: C:\Users\kvmuk\livewire\coverage\v120-r4-windows-gates\internal\replay\timing.go
[gosec] 2026/10/01 12:15:04 Checking file: C:\Users\kvmuk\livewire\coverage\v120-r4-windows-gates\internal\replay\trace.go
[gosec] 2026/10/01 12:15:04 Checking file: C:\Users\kvmuk\livewire\coverage\v120-r4-windows-gates\internal\replay\transport.go
[gosec] 2026/10/01 12:15:04 Checking package: planexec
[gosec] 2026/10/01 12:15:04 Checking file: C:\Users\kvmuk\livewire\coverage\v120-r4-windows-gates\internal\planexec\planexec.go
[gosec] 2026/10/01 12:15:04 Import directory: C:\Users\kvmuk\livewire\coverage\v120-r4-windows-gates\internal\securefile
[gosec] 2026/10/01 12:15:04 Checking file: C:\Users\kvmuk\livewire\coverage\v120-r4-windows-gates\internal\planexec\wire.go
[gosec] 2026/10/01 12:15:04 Import directory: C:\Users\kvmuk\livewire\coverage\v120-r4-windows-gates\internal\dissect
[gosec] 2026/10/01 12:15:04 Import directory: C:\Users\kvmuk\livewire\coverage\v120-r4-windows-gates\internal\engine
[gosec] 2026/10/01 12:15:04 Checking package: adapters
[gosec] 2026/10/01 12:15:04 Checking file: C:\Users\kvmuk\livewire\coverage\v120-r4-windows-gates\internal\adapters\crypto.go
[gosec] 2026/10/01 12:15:04 Checking file: C:\Users\kvmuk\livewire\coverage\v120-r4-windows-gates\internal\adapters\dnp3_messages.go
[gosec] 2026/10/01 12:15:04 Checking file: C:\Users\kvmuk\livewire\coverage\v120-r4-windows-gates\internal\adapters\dnp3_state.go
[gosec] 2026/10/01 12:15:04 Checking file: C:\Users\kvmuk\livewire\coverage\v120-r4-windows-gates\internal\adapters\dns.go
[gosec] 2026/10/01 12:15:04 Checking file: C:\Users\kvmuk\livewire\coverage\v120-r4-windows-gates\internal\adapters\ftp.go
[gosec] 2026/10/01 12:15:04 Checking file: C:\Users\kvmuk\livewire\coverage\v120-r4-windows-gates\internal\adapters\helpers.go
[gosec] 2026/10/01 12:15:04 Checking file: C:\Users\kvmuk\livewire\coverage\v120-r4-windows-gates\internal\adapters\http.go
[gosec] 2026/10/01 12:15:04 Checking file: C:\Users\kvmuk\livewire\coverage\v120-r4-windows-gates\internal\adapters\http_policy.go
[gosec] 2026/10/01 12:15:04 Checking file: C:\Users\kvmuk\livewire\coverage\v120-r4-windows-gates\internal\adapters\incremental.go
[gosec] 2026/10/01 12:15:04 Checking file: C:\Users\kvmuk\livewire\coverage\v120-r4-windows-gates\internal\adapters\industrial.go
[gosec] 2026/10/01 12:15:04 Checking file: C:\Users\kvmuk\livewire\coverage\v120-r4-windows-gates\internal\adapters\live_events.go
[gosec] 2026/10/01 12:15:04 Checking file: C:\Users\kvmuk\livewire\coverage\v120-r4-windows-gates\internal\adapters\mqtt.go
[gosec] 2026/10/01 12:15:05 Checking file: C:\Users\kvmuk\livewire\coverage\v120-r4-windows-gates\internal\adapters\mqtt5.go
[gosec] 2026/10/01 12:15:05 Checking file: C:\Users\kvmuk\livewire\coverage\v120-r4-windows-gates\internal\adapters\mqtt_maintenance.go
[gosec] 2026/10/01 12:15:05 Checking file: C:\Users\kvmuk\livewire\coverage\v120-r4-windows-gates\internal\adapters\mqtt_state.go
[gosec] 2026/10/01 12:15:05 Checking file: C:\Users\kvmuk\livewire\coverage\v120-r4-windows-gates\internal\adapters\recovery.go
[gosec] 2026/10/01 12:15:05 Checking file: C:\Users\kvmuk\livewire\coverage\v120-r4-windows-gates\internal\adapters\registry.go
[gosec] 2026/10/01 12:15:05 Checking file: C:\Users\kvmuk\livewire\coverage\v120-r4-windows-gates\internal\adapters\rules.go
[gosec] 2026/10/01 12:15:05 Checking package: ipreasm
[gosec] 2026/10/01 12:15:05 Checking file: C:\Users\kvmuk\livewire\coverage\v120-r4-windows-gates\internal\ipreasm\ipreasm.go
[gosec] 2026/10/01 12:15:05 Import directory: C:\Users\kvmuk\livewire\coverage\v120-r4-windows-gates\internal\orchestration
[gosec] 2026/10/01 12:15:05 Import directory: C:\Users\kvmuk\livewire\coverage\v120-r4-windows-gates\internal\tlsreplay
[gosec] 2026/10/01 12:15:05 Checking package: runvars
[gosec] 2026/10/01 12:15:05 Checking file: C:\Users\kvmuk\livewire\coverage\v120-r4-windows-gates\internal\runvars\redactor.go
[gosec] 2026/10/01 12:15:05 Checking file: C:\Users\kvmuk\livewire\coverage\v120-r4-windows-gates\internal\runvars\runvars.go
[gosec] 2026/10/01 12:15:05 Import directory: C:\Users\kvmuk\livewire\coverage\v120-r4-windows-gates\internal\units
[gosec] 2026/10/01 12:15:05 Checking package: main
[gosec] 2026/10/01 12:15:05 Checking file: C:\Users\kvmuk\livewire\coverage\v120-r4-windows-gates\test\echoserver\main.go
[gosec] 2026/10/01 12:15:05 Import directory: C:\Users\kvmuk\livewire\coverage\v120-r4-windows-gates\internal\webui
[gosec] 2026/10/01 12:15:05 Checking package: edit
[gosec] 2026/10/01 12:15:05 Checking file: C:\Users\kvmuk\livewire\coverage\v120-r4-windows-gates\internal\edit\pipeline.go
[gosec] 2026/10/01 12:15:05 Import directory: C:\Users\kvmuk\livewire\coverage\v120-r4-windows-gates\cmd\livewire
[gosec] 2026/10/01 12:15:05 Checking package: evidence
[gosec] 2026/10/01 12:15:05 Checking file: C:\Users\kvmuk\livewire\coverage\v120-r4-windows-gates\internal\evidence\stream.go
[gosec] 2026/10/01 12:15:05 Import directory: C:\Users\kvmuk\livewire\coverage\v120-r4-windows-gates\internal\livereplay
[gosec] 2026/10/01 12:15:05 Checking package: lab
[gosec] 2026/10/01 12:15:05 Checking file: C:\Users\kvmuk\livewire\coverage\v120-r4-windows-gates\internal\lab\plan.go
[gosec] 2026/10/01 12:15:05 Checking file: C:\Users\kvmuk\livewire\coverage\v120-r4-windows-gates\internal\lab\runner.go
[gosec] 2026/10/01 12:15:06 Checking file: C:\Users\kvmuk\livewire\coverage\v120-r4-windows-gates\internal\lab\scenario.go
[gosec] 2026/10/01 12:15:06 Checking file: C:\Users\kvmuk\livewire\coverage\v120-r4-windows-gates\internal\lab\schedule.go
[gosec] 2026/10/01 12:15:06 Checking file: C:\Users\kvmuk\livewire\coverage\v120-r4-windows-gates\internal\lab\simulator.go
[gosec] 2026/10/01 12:15:06 Checking file: C:\Users\kvmuk\livewire\coverage\v120-r4-windows-gates\internal\lab\topology.go
[gosec] 2026/10/01 12:15:06 Import directory: C:\Users\kvmuk\livewire\coverage\v120-r4-windows-gates\internal\qualification
[gosec] 2026/10/01 12:15:06 Checking package: compare
[gosec] 2026/10/01 12:15:06 Checking file: C:\Users\kvmuk\livewire\coverage\v120-r4-windows-gates\internal\compare\compare.go
[gosec] 2026/10/01 12:15:06 Import directory: C:\Users\kvmuk\livewire\coverage\v120-r4-windows-gates\internal\supportbundle
[gosec] 2026/10/01 12:15:06 Checking package: units
[gosec] 2026/10/01 12:15:06 Checking file: C:\Users\kvmuk\livewire\coverage\v120-r4-windows-gates\internal\units\seq.go
[gosec] 2026/10/01 12:15:06 Checking package: runstate
[gosec] 2026/10/01 12:15:06 Checking file: C:\Users\kvmuk\livewire\coverage\v120-r4-windows-gates\internal\runstate\lock_windows.go
[gosec] 2026/10/01 12:15:06 Checking file: C:\Users\kvmuk\livewire\coverage\v120-r4-windows-gates\internal\runstate\store.go
[gosec] 2026/10/01 12:15:06 Checking package: hoststack
[gosec] 2026/10/01 12:15:06 Checking file: C:\Users\kvmuk\livewire\coverage\v120-r4-windows-gates\internal\hoststack\reconcile_other.go
[gosec] 2026/10/01 12:15:06 Checking file: C:\Users\kvmuk\livewire\coverage\v120-r4-windows-gates\internal\hoststack\rst_windows.go
[gosec] 2026/10/01 12:15:06 Checking file: C:\Users\kvmuk\livewire\coverage\v120-r4-windows-gates\internal\hoststack\suppressor.go
[gosec] 2026/10/01 12:15:06 Checking package: securefile
[gosec] 2026/10/01 12:15:06 Checking file: C:\Users\kvmuk\livewire\coverage\v120-r4-windows-gates\internal\securefile\atomic.go
[gosec] 2026/10/01 12:15:07 Checking package: ftpreplay
[gosec] 2026/10/01 12:15:07 Checking file: C:\Users\kvmuk\livewire\coverage\v120-r4-windows-gates\internal\ftpreplay\cancel.go
[gosec] 2026/10/01 12:15:07 Checking file: C:\Users\kvmuk\livewire\coverage\v120-r4-windows-gates\internal\ftpreplay\group.go
[gosec] 2026/10/01 12:15:07 Checking file: C:\Users\kvmuk\livewire\coverage\v120-r4-windows-gates\internal\ftpreplay\plaintext.go
[gosec] 2026/10/01 12:15:07 Checking file: C:\Users\kvmuk\livewire\coverage\v120-r4-windows-gates\internal\ftpreplay\runner.go
[gosec] 2026/10/01 12:15:07 Checking file: C:\Users\kvmuk\livewire\coverage\v120-r4-windows-gates\internal\ftpreplay\script.go
[gosec] 2026/10/01 12:15:07 Checking package: dissect
[gosec] 2026/10/01 12:15:07 Checking file: C:\Users\kvmuk\livewire\coverage\v120-r4-windows-gates\internal\dissect\crypto_guard.go
[gosec] 2026/10/01 12:15:07 Checking file: C:\Users\kvmuk\livewire\coverage\v120-r4-windows-gates\internal\dissect\dnp3.go
[gosec] 2026/10/01 12:15:07 Checking file: C:\Users\kvmuk\livewire\coverage\v120-r4-windows-gates\internal\dissect\dnp3_assembly.go
[gosec] 2026/10/01 12:15:07 Checking file: C:\Users\kvmuk\livewire\coverage\v120-r4-windows-gates\internal\dissect\dnp3_objects.go
[gosec] 2026/10/01 12:15:07 Checking file: C:\Users\kvmuk\livewire\coverage\v120-r4-windows-gates\internal\dissect\modbus.go
[gosec] 2026/10/01 12:15:07 Checking file: C:\Users\kvmuk\livewire\coverage\v120-r4-windows-gates\internal\dissect\tls.go
[gosec] 2026/10/01 12:15:07 Checking package: orchestration
[gosec] 2026/10/01 12:15:07 Checking file: C:\Users\kvmuk\livewire\coverage\v120-r4-windows-gates\internal\orchestration\orchestration.go
[gosec] 2026/10/01 12:15:07 Checking file: C:\Users\kvmuk\livewire\coverage\v120-r4-windows-gates\internal\orchestration\workers.go
[gosec] 2026/10/01 12:15:07 Checking package: engine
[gosec] 2026/10/01 12:15:07 Checking file: C:\Users\kvmuk\livewire\coverage\v120-r4-windows-gates\internal\engine\conversation.go
[gosec] 2026/10/01 12:15:07 Checking file: C:\Users\kvmuk\livewire\coverage\v120-r4-windows-gates\internal\engine\driver.go
[gosec] 2026/10/01 12:15:07 Checking file: C:\Users\kvmuk\livewire\coverage\v120-r4-windows-gates\internal\engine\dryrun.go
[gosec] 2026/10/01 12:15:07 Checking file: C:\Users\kvmuk\livewire\coverage\v120-r4-windows-gates\internal\engine\flow.go
[gosec] 2026/10/01 12:15:07 Checking file: C:\Users\kvmuk\livewire\coverage\v120-r4-windows-gates\internal\engine\peer.go
[gosec] 2026/10/01 12:15:07 Checking file: C:\Users\kvmuk\livewire\coverage\v120-r4-windows-gates\internal\engine\receive.go
[gosec] 2026/10/01 12:15:07 Checking file: C:\Users\kvmuk\livewire\coverage\v120-r4-windows-gates\internal\engine\respverify.go
[gosec] 2026/10/01 12:15:07 Checking file: C:\Users\kvmuk\livewire\coverage\v120-r4-windows-gates\internal\engine\sender.go
[gosec] 2026/10/01 12:15:07 Checking file: C:\Users\kvmuk\livewire\coverage\v120-r4-windows-gates\internal\engine\session.go
[gosec] 2026/10/01 12:15:07 Checking file: C:\Users\kvmuk\livewire\coverage\v120-r4-windows-gates\internal\engine\synth.go
[gosec] 2026/10/01 12:15:07 Checking file: C:\Users\kvmuk\livewire\coverage\v120-r4-windows-gates\internal\engine\verify.go
[gosec] 2026/10/01 12:15:07 Checking package: livereplay
[gosec] 2026/10/01 12:15:07 Checking file: C:\Users\kvmuk\livewire\coverage\v120-r4-windows-gates\internal\livereplay\livereplay.go
[gosec] 2026/10/01 12:15:07 Checking package: secureexec
[gosec] 2026/10/01 12:15:07 Checking file: C:\Users\kvmuk\livewire\coverage\v120-r4-windows-gates\internal\secureexec\execute.go
[gosec] 2026/10/01 12:15:07 Checking file: C:\Users\kvmuk\livewire\coverage\v120-r4-windows-gates\internal\livereplay\trace.go
[gosec] 2026/10/01 12:15:07 Checking package: supportbundle
[gosec] 2026/10/01 12:15:07 Checking file: C:\Users\kvmuk\livewire\coverage\v120-r4-windows-gates\internal\supportbundle\bundle.go
[gosec] 2026/10/01 12:15:07 Checking file: C:\Users\kvmuk\livewire\coverage\v120-r4-windows-gates\internal\secureexec\handshake.go
[gosec] 2026/10/01 12:15:07 Checking file: C:\Users\kvmuk\livewire\coverage\v120-r4-windows-gates\internal\secureexec\key_source.go
[gosec] 2026/10/01 12:15:07 Checking file: C:\Users\kvmuk\livewire\coverage\v120-r4-windows-gates\internal\secureexec\outcome.go
[gosec] 2026/10/01 12:15:07 Checking file: C:\Users\kvmuk\livewire\coverage\v120-r4-windows-gates\internal\secureexec\tls_script.go
[gosec] 2026/10/01 12:15:07 Checking package: tlsreplay
[gosec] 2026/10/01 12:15:07 Checking file: C:\Users\kvmuk\livewire\coverage\v120-r4-windows-gates\internal\tlsreplay\client_hello.go
[gosec] 2026/10/01 12:15:07 Checking file: C:\Users\kvmuk\livewire\coverage\v120-r4-windows-gates\internal\tlsreplay\decrypt.go
[gosec] 2026/10/01 12:15:07 Checking file: C:\Users\kvmuk\livewire\coverage\v120-r4-windows-gates\internal\tlsreplay\handshake.go
[gosec] 2026/10/01 12:15:07 Checking file: C:\Users\kvmuk\livewire\coverage\v120-r4-windows-gates\internal\tlsreplay\kdf.go
[gosec] 2026/10/01 12:15:07 Checking file: C:\Users\kvmuk\livewire\coverage\v120-r4-windows-gates\internal\tlsreplay\keylog.go
[gosec] 2026/10/01 12:15:07 Checking file: C:\Users\kvmuk\livewire\coverage\v120-r4-windows-gates\internal\tlsreplay\records.go
[gosec] 2026/10/01 12:15:07 Checking file: C:\Users\kvmuk\livewire\coverage\v120-r4-windows-gates\internal\tlsreplay\reterminate.go
[gosec] 2026/10/01 12:15:07 Checking file: C:\Users\kvmuk\livewire\coverage\v120-r4-windows-gates\internal\tlsreplay\script.go
[gosec] 2026/10/01 12:15:08 Checking package: replaylab
[gosec] 2026/10/01 12:15:08 Checking file: C:\Users\kvmuk\livewire\coverage\v120-r4-windows-gates\internal\replaylab\capture.go
[gosec] 2026/10/01 12:15:08 Checking file: C:\Users\kvmuk\livewire\coverage\v120-r4-windows-gates\internal\replaylab\case.go
[gosec] 2026/10/01 12:15:08 Checking file: C:\Users\kvmuk\livewire\coverage\v120-r4-windows-gates\internal\replaylab\cases_dnp3.go
[gosec] 2026/10/01 12:15:08 Checking file: C:\Users\kvmuk\livewire\coverage\v120-r4-windows-gates\internal\replaylab\cases_ftp.go
[gosec] 2026/10/01 12:15:08 Checking file: C:\Users\kvmuk\livewire\coverage\v120-r4-windows-gates\internal\replaylab\cases_mqtt.go
[gosec] 2026/10/01 12:15:08 Checking file: C:\Users\kvmuk\livewire\coverage\v120-r4-windows-gates\internal\replaylab\cases_ssh.go
[gosec] 2026/10/01 12:15:08 Checking file: C:\Users\kvmuk\livewire\coverage\v120-r4-windows-gates\internal\replaylab\cases_stream.go
[gosec] 2026/10/01 12:15:08 Checking file: C:\Users\kvmuk\livewire\coverage\v120-r4-windows-gates\internal\replaylab\cases_tls_handshake.go
[gosec] 2026/10/01 12:15:08 Checking file: C:\Users\kvmuk\livewire\coverage\v120-r4-windows-gates\internal\replaylab\embedded_keys.go
[gosec] 2026/10/01 12:15:08 Checking file: C:\Users\kvmuk\livewire\coverage\v120-r4-windows-gates\internal\replaylab\run.go
[gosec] 2026/10/01 12:15:08 Checking file: C:\Users\kvmuk\livewire\coverage\v120-r4-windows-gates\internal\replaylab\stream.go
[gosec] 2026/10/01 12:15:08 Checking package: qualification
[gosec] 2026/10/01 12:15:08 Checking file: C:\Users\kvmuk\livewire\coverage\v120-r4-windows-gates\internal\qualification\lab.go
[gosec] 2026/10/01 12:15:08 Checking file: C:\Users\kvmuk\livewire\coverage\v120-r4-windows-gates\internal\qualification\lab_application.go
[gosec] 2026/10/01 12:15:08 Checking file: C:\Users\kvmuk\livewire\coverage\v120-r4-windows-gates\internal\qualification\lab_continuity.go
[gosec] 2026/10/01 12:15:08 Checking file: C:\Users\kvmuk\livewire\coverage\v120-r4-windows-gates\internal\qualification\lab_contract.go
[gosec] 2026/10/01 12:15:08 Checking file: C:\Users\kvmuk\livewire\coverage\v120-r4-windows-gates\internal\qualification\lab_stateless.go
[gosec] 2026/10/01 12:15:08 Checking file: C:\Users\kvmuk\livewire\coverage\v120-r4-windows-gates\internal\qualification\lab_stateless_protocols.go
[gosec] 2026/10/01 12:15:08 Checking file: C:\Users\kvmuk\livewire\coverage\v120-r4-windows-gates\internal\qualification\lab_tls_handshake.go
[gosec] 2026/10/01 12:15:08 Checking file: C:\Users\kvmuk\livewire\coverage\v120-r4-windows-gates\internal\qualification\lab_transcript.go
[gosec] 2026/10/01 12:15:08 Checking file: C:\Users\kvmuk\livewire\coverage\v120-r4-windows-gates\internal\qualification\qualification.go
[gosec] 2026/10/01 12:15:08 Checking file: C:\Users\kvmuk\livewire\coverage\v120-r4-windows-gates\internal\qualification\rss_windows.go
[gosec] 2026/10/01 12:15:08 Checking package: webui
[gosec] 2026/10/01 12:15:08 Checking file: C:\Users\kvmuk\livewire\coverage\v120-r4-windows-gates\internal\webui\embed.go
[gosec] 2026/10/01 12:15:08 Checking file: C:\Users\kvmuk\livewire\coverage\v120-r4-windows-gates\internal\webui\flows.go
[gosec] 2026/10/01 12:15:08 Checking file: C:\Users\kvmuk\livewire\coverage\v120-r4-windows-gates\internal\webui\ftp.go
[gosec] 2026/10/01 12:15:08 Checking file: C:\Users\kvmuk\livewire\coverage\v120-r4-windows-gates\internal\webui\ifaces_windows.go
[gosec] 2026/10/01 12:15:08 Checking file: C:\Users\kvmuk\livewire\coverage\v120-r4-windows-gates\internal\webui\jobs.go
[gosec] 2026/10/01 12:15:08 Checking file: C:\Users\kvmuk\livewire\coverage\v120-r4-windows-gates\internal\webui\platform.go
[gosec] 2026/10/01 12:15:08 Checking file: C:\Users\kvmuk\livewire\coverage\v120-r4-windows-gates\internal\webui\rstrule.go
[gosec] 2026/10/01 12:15:08 Checking file: C:\Users\kvmuk\livewire\coverage\v120-r4-windows-gates\internal\webui\run_evidence.go
[gosec] 2026/10/01 12:15:08 Checking file: C:\Users\kvmuk\livewire\coverage\v120-r4-windows-gates\internal\webui\runs.go
[gosec] 2026/10/01 12:15:08 Checking file: C:\Users\kvmuk\livewire\coverage\v120-r4-windows-gates\internal\webui\secure_run.go
[gosec] 2026/10/01 12:15:08 Checking file: C:\Users\kvmuk\livewire\coverage\v120-r4-windows-gates\internal\webui\ssh_on.go
[gosec] 2026/10/01 12:15:08 Checking file: C:\Users\kvmuk\livewire\coverage\v120-r4-windows-gates\internal\webui\webui.go
[gosec] 2026/10/01 12:15:08 Checking package: main
[gosec] 2026/10/01 12:15:08 Checking file: C:\Users\kvmuk\livewire\coverage\v120-r4-windows-gates\cmd\livewire\analyze.go
[gosec] 2026/10/01 12:15:08 Checking file: C:\Users\kvmuk\livewire\coverage\v120-r4-windows-gates\cmd\livewire\artifacts.go
[gosec] 2026/10/01 12:15:08 Checking file: C:\Users\kvmuk\livewire\coverage\v120-r4-windows-gates\cmd\livewire\bundle.go
[gosec] 2026/10/01 12:15:08 Checking file: C:\Users\kvmuk\livewire\coverage\v120-r4-windows-gates\cmd\livewire\capio.go
[gosec] 2026/10/01 12:15:08 Checking file: C:\Users\kvmuk\livewire\coverage\v120-r4-windows-gates\cmd\livewire\capture.go
[gosec] 2026/10/01 12:15:08 Checking file: C:\Users\kvmuk\livewire\coverage\v120-r4-windows-gates\cmd\livewire\capture_tls.go
[gosec] 2026/10/01 12:15:08 Checking file: C:\Users\kvmuk\livewire\coverage\v120-r4-windows-gates\cmd\livewire\check.go
[gosec] 2026/10/01 12:15:08 Checking file: C:\Users\kvmuk\livewire\coverage\v120-r4-windows-gates\cmd\livewire\command_signals.go
[gosec] 2026/10/01 12:15:08 Checking file: C:\Users\kvmuk\livewire\coverage\v120-r4-windows-gates\cmd\livewire\compare.go
[gosec] 2026/10/01 12:15:08 Checking file: C:\Users\kvmuk\livewire\coverage\v120-r4-windows-gates\cmd\livewire\convert.go
[gosec] 2026/10/01 12:15:08 Checking file: C:\Users\kvmuk\livewire\coverage\v120-r4-windows-gates\cmd\livewire\coverage.go
[gosec] 2026/10/01 12:15:08 Checking file: C:\Users\kvmuk\livewire\coverage\v120-r4-windows-gates\cmd\livewire\devs_windows.go
[gosec] 2026/10/01 12:15:08 Checking file: C:\Users\kvmuk\livewire\coverage\v120-r4-windows-gates\cmd\livewire\doctor.go
[gosec] 2026/10/01 12:15:08 Checking file: C:\Users\kvmuk\livewire\coverage\v120-r4-windows-gates\cmd\livewire\doctor_windows.go
[gosec] 2026/10/01 12:15:08 Checking file: C:\Users\kvmuk\livewire\coverage\v120-r4-windows-gates\cmd\livewire\execution_flags.go
[gosec] 2026/10/01 12:15:08 Checking file: C:\Users\kvmuk\livewire\coverage\v120-r4-windows-gates\cmd\livewire\fault_expectation.go
[gosec] 2026/10/01 12:15:08 Checking file: C:\Users\kvmuk\livewire\coverage\v120-r4-windows-gates\cmd\livewire\fidelity.go
[gosec] 2026/10/01 12:15:08 Checking file: C:\Users\kvmuk\livewire\coverage\v120-r4-windows-gates\cmd\livewire\flags.go
[gosec] 2026/10/01 12:15:08 Checking file: C:\Users\kvmuk\livewire\coverage\v120-r4-windows-gates\cmd\livewire\ftp_cmd.go
[gosec] 2026/10/01 12:15:08 Checking file: C:\Users\kvmuk\livewire\coverage\v120-r4-windows-gates\cmd\livewire\help.go
[gosec] 2026/10/01 12:15:08 Checking file: C:\Users\kvmuk\livewire\coverage\v120-r4-windows-gates\cmd\livewire\ifaces.go
[gosec] 2026/10/01 12:15:08 Checking file: C:\Users\kvmuk\livewire\coverage\v120-r4-windows-gates\cmd\livewire\info.go
[gosec] 2026/10/01 12:15:08 Checking file: C:\Users\kvmuk\livewire\coverage\v120-r4-windows-gates\cmd\livewire\lab.go
[gosec] 2026/10/01 12:15:08 Checking file: C:\Users\kvmuk\livewire\coverage\v120-r4-windows-gates\cmd\livewire\live.go
[gosec] 2026/10/01 12:15:08 Checking file: C:\Users\kvmuk\livewire\coverage\v120-r4-windows-gates\cmd\livewire\live_real.go
[gosec] 2026/10/01 12:15:08 Checking file: C:\Users\kvmuk\livewire\coverage\v120-r4-windows-gates\cmd\livewire\main.go
[gosec] 2026/10/01 12:15:08 Checking file: C:\Users\kvmuk\livewire\coverage\v120-r4-windows-gates\cmd\livewire\plan_run.go
[gosec] 2026/10/01 12:15:08 Checking file: C:\Users\kvmuk\livewire\coverage\v120-r4-windows-gates\cmd\livewire\preflight.go
[gosec] 2026/10/01 12:15:08 Checking file: C:\Users\kvmuk\livewire\coverage\v120-r4-windows-gates\cmd\livewire\protocol_orchestrator.go
[gosec] 2026/10/01 12:15:08 Checking file: C:\Users\kvmuk\livewire\coverage\v120-r4-windows-gates\cmd\livewire\recovery.go
[gosec] 2026/10/01 12:15:08 Checking file: C:\Users\kvmuk\livewire\coverage\v120-r4-windows-gates\cmd\livewire\replay.go
[gosec] 2026/10/01 12:15:08 Checking file: C:\Users\kvmuk\livewire\coverage\v120-r4-windows-gates\cmd\livewire\report.go
[gosec] 2026/10/01 12:15:08 Checking file: C:\Users\kvmuk\livewire\coverage\v120-r4-windows-gates\cmd\livewire\reproduce.go
[gosec] 2026/10/01 12:15:08 Checking file: C:\Users\kvmuk\livewire\coverage\v120-r4-windows-gates\cmd\livewire\resume_identity.go
[gosec] 2026/10/01 12:15:08 Checking file: C:\Users\kvmuk\livewire\coverage\v120-r4-windows-gates\cmd\livewire\retermination_report.go
[gosec] 2026/10/01 12:15:08 Checking file: C:\Users\kvmuk\livewire\coverage\v120-r4-windows-gates\cmd\livewire\rewrite.go
[gosec] 2026/10/01 12:15:08 Checking file: C:\Users\kvmuk\livewire\coverage\v120-r4-windows-gates\cmd\livewire\rstdrop.go
[gosec] 2026/10/01 12:15:08 Checking file: C:\Users\kvmuk\livewire\coverage\v120-r4-windows-gates\cmd\livewire\ssh_cmd.go
[gosec] 2026/10/01 12:15:08 Checking file: C:\Users\kvmuk\livewire\coverage\v120-r4-windows-gates\cmd\livewire\tls_cmd.go
[gosec] 2026/10/01 12:15:08 Checking file: C:\Users\kvmuk\livewire\coverage\v120-r4-windows-gates\cmd\livewire\unified_help.go
[gosec] 2026/10/01 12:15:08 Checking file: C:\Users\kvmuk\livewire\coverage\v120-r4-windows-gates\cmd\livewire\validation.go
[gosec] 2026/10/01 12:15:08 Checking file: C:\Users\kvmuk\livewire\coverage\v120-r4-windows-gates\cmd\livewire\variables.go
[gosec] 2026/10/01 12:15:08 Checking file: C:\Users\kvmuk\livewire\coverage\v120-r4-windows-gates\cmd\livewire\verdict.go
[gosec] 2026/10/01 12:15:08 Checking file: C:\Users\kvmuk\livewire\coverage\v120-r4-windows-gates\cmd\livewire\web.go
Results:


Summary:
  Gosec  : dev
  Files  : 220
  Lines  : 40600
  Nosec  : 16
  Issues : 0

==> lint ok (32.186s)
